Archive member included to satisfy reference by file (symbol)

c:/users/cheng/.iotlink/tools/gcc-arm-none-eabi/bin/../lib/gcc/arm-none-eabi/9.2.1/../../../../arm-none-eabi/lib/thumb/v7-m/nofp\libc_nano.a(lib_a-exit.o)
                              c:/users/cheng/.iotlink/tools/gcc-arm-none-eabi/bin/../lib/gcc/arm-none-eabi/9.2.1/../../../../arm-none-eabi/lib/thumb/v7-m/nofp/crt0.o (exit)
c:/users/cheng/.iotlink/tools/gcc-arm-none-eabi/bin/../lib/gcc/arm-none-eabi/9.2.1/../../../../arm-none-eabi/lib/thumb/v7-m/nofp\libc_nano.a(lib_a-impure.o)
                              c:/users/cheng/.iotlink/tools/gcc-arm-none-eabi/bin/../lib/gcc/arm-none-eabi/9.2.1/../../../../arm-none-eabi/lib/thumb/v7-m/nofp\libc_nano.a(lib_a-exit.o) (_global_impure_ptr)
c:/users/cheng/.iotlink/tools/gcc-arm-none-eabi/bin/../lib/gcc/arm-none-eabi/9.2.1/../../../../arm-none-eabi/lib/thumb/v7-m/nofp\libc_nano.a(lib_a-init.o)
                              c:/users/cheng/.iotlink/tools/gcc-arm-none-eabi/bin/../lib/gcc/arm-none-eabi/9.2.1/../../../../arm-none-eabi/lib/thumb/v7-m/nofp/crt0.o (__libc_init_array)
c:/users/cheng/.iotlink/tools/gcc-arm-none-eabi/bin/../lib/gcc/arm-none-eabi/9.2.1/../../../../arm-none-eabi/lib/thumb/v7-m/nofp\libc_nano.a(lib_a-memset.o)
                              c:/users/cheng/.iotlink/tools/gcc-arm-none-eabi/bin/../lib/gcc/arm-none-eabi/9.2.1/../../../../arm-none-eabi/lib/thumb/v7-m/nofp/crt0.o (memset)
c:/users/cheng/.iotlink/tools/gcc-arm-none-eabi/bin/../lib/gcc/arm-none-eabi/9.2.1/../../../../arm-none-eabi/lib/thumb/v7-m/nofp\libc_nano.a(lib_a-sprintf.o)
                              build/tim.o (sprintf)
c:/users/cheng/.iotlink/tools/gcc-arm-none-eabi/bin/../lib/gcc/arm-none-eabi/9.2.1/../../../../arm-none-eabi/lib/thumb/v7-m/nofp\libc_nano.a(lib_a-nano-svfprintf.o)
                              c:/users/cheng/.iotlink/tools/gcc-arm-none-eabi/bin/../lib/gcc/arm-none-eabi/9.2.1/../../../../arm-none-eabi/lib/thumb/v7-m/nofp\libc_nano.a(lib_a-sprintf.o) (_svfprintf_r)
c:/users/cheng/.iotlink/tools/gcc-arm-none-eabi/bin/../lib/gcc/arm-none-eabi/9.2.1/../../../../arm-none-eabi/lib/thumb/v7-m/nofp\libc_nano.a(lib_a-nano-vfprintf_i.o)
                              c:/users/cheng/.iotlink/tools/gcc-arm-none-eabi/bin/../lib/gcc/arm-none-eabi/9.2.1/../../../../arm-none-eabi/lib/thumb/v7-m/nofp\libc_nano.a(lib_a-nano-svfprintf.o) (_printf_i)
c:/users/cheng/.iotlink/tools/gcc-arm-none-eabi/bin/../lib/gcc/arm-none-eabi/9.2.1/../../../../arm-none-eabi/lib/thumb/v7-m/nofp\libc_nano.a(lib_a-memchr-stub.o)
                              c:/users/cheng/.iotlink/tools/gcc-arm-none-eabi/bin/../lib/gcc/arm-none-eabi/9.2.1/../../../../arm-none-eabi/lib/thumb/v7-m/nofp\libc_nano.a(lib_a-nano-svfprintf.o) (memchr)
c:/users/cheng/.iotlink/tools/gcc-arm-none-eabi/bin/../lib/gcc/arm-none-eabi/9.2.1/../../../../arm-none-eabi/lib/thumb/v7-m/nofp\libc_nano.a(lib_a-memcpy-stub.o)
                              c:/users/cheng/.iotlink/tools/gcc-arm-none-eabi/bin/../lib/gcc/arm-none-eabi/9.2.1/../../../../arm-none-eabi/lib/thumb/v7-m/nofp\libc_nano.a(lib_a-nano-svfprintf.o) (memcpy)
c:/users/cheng/.iotlink/tools/gcc-arm-none-eabi/bin/../lib/gcc/arm-none-eabi/9.2.1/../../../../arm-none-eabi/lib/thumb/v7-m/nofp\libc_nano.a(lib_a-memmove.o)
                              c:/users/cheng/.iotlink/tools/gcc-arm-none-eabi/bin/../lib/gcc/arm-none-eabi/9.2.1/../../../../arm-none-eabi/lib/thumb/v7-m/nofp\libc_nano.a(lib_a-nano-svfprintf.o) (memmove)
c:/users/cheng/.iotlink/tools/gcc-arm-none-eabi/bin/../lib/gcc/arm-none-eabi/9.2.1/../../../../arm-none-eabi/lib/thumb/v7-m/nofp\libc_nano.a(lib_a-nano-freer.o)
                              c:/users/cheng/.iotlink/tools/gcc-arm-none-eabi/bin/../lib/gcc/arm-none-eabi/9.2.1/../../../../arm-none-eabi/lib/thumb/v7-m/nofp\libc_nano.a(lib_a-nano-svfprintf.o) (_free_r)
c:/users/cheng/.iotlink/tools/gcc-arm-none-eabi/bin/../lib/gcc/arm-none-eabi/9.2.1/../../../../arm-none-eabi/lib/thumb/v7-m/nofp\libc_nano.a(lib_a-nano-mallocr.o)
                              c:/users/cheng/.iotlink/tools/gcc-arm-none-eabi/bin/../lib/gcc/arm-none-eabi/9.2.1/../../../../arm-none-eabi/lib/thumb/v7-m/nofp\libc_nano.a(lib_a-nano-svfprintf.o) (_malloc_r)
c:/users/cheng/.iotlink/tools/gcc-arm-none-eabi/bin/../lib/gcc/arm-none-eabi/9.2.1/../../../../arm-none-eabi/lib/thumb/v7-m/nofp\libc_nano.a(lib_a-nano-reallocr.o)
                              c:/users/cheng/.iotlink/tools/gcc-arm-none-eabi/bin/../lib/gcc/arm-none-eabi/9.2.1/../../../../arm-none-eabi/lib/thumb/v7-m/nofp\libc_nano.a(lib_a-nano-svfprintf.o) (_realloc_r)
c:/users/cheng/.iotlink/tools/gcc-arm-none-eabi/bin/../lib/gcc/arm-none-eabi/9.2.1/../../../../arm-none-eabi/lib/thumb/v7-m/nofp\libc_nano.a(lib_a-sbrkr.o)
                              c:/users/cheng/.iotlink/tools/gcc-arm-none-eabi/bin/../lib/gcc/arm-none-eabi/9.2.1/../../../../arm-none-eabi/lib/thumb/v7-m/nofp\libc_nano.a(lib_a-nano-mallocr.o) (_sbrk_r)
[...]
Memory Configuration

Name             Origin             Length             Attributes
RAM              0x20000000         0x00005000         xrw
FLASH            0x08000000         0x00010000         xr
*default*        0x00000000         0xffffffff

Linker script and memory map

LOAD c:/users/cheng/.iotlink/tools/gcc-arm-none-eabi/bin/../lib/gcc/arm-none-eabi/9.2.1/thumb/v7-m/nofp/crti.o
LOAD c:/users/cheng/.iotlink/tools/gcc-arm-none-eabi/bin/../lib/gcc/arm-none-eabi/9.2.1/thumb/v7-m/nofp/crtbegin.o
LOAD c:/users/cheng/.iotlink/tools/gcc-arm-none-eabi/bin/../lib/gcc/arm-none-eabi/9.2.1/../../../../arm-none-eabi/lib/thumb/v7-m/nofp/crt0.o
LOAD build/ina226.o
LOAD build/oled.o
LOAD build/main.o
LOAD build/gpio.o
LOAD build/stm32f1xx_it.o
LOAD build/stm32f1xx_hal_msp.o
LOAD build/stm32f1xx_hal_gpio_ex.o
LOAD build/stm32f1xx_hal_tim.o
LOAD build/stm32f1xx_hal_tim_ex.o
LOAD build/stm32f1xx_hal.o
LOAD build/stm32f1xx_hal_rcc.o
LOAD build/stm32f1xx_hal_rcc_ex.o
LOAD build/stm32f1xx_hal_gpio.o
LOAD build/stm32f1xx_hal_dma.o
LOAD build/stm32f1xx_hal_cortex.o
LOAD build/stm32f1xx_hal_pwr.o
LOAD build/stm32f1xx_hal_flash.o
LOAD build/stm32f1xx_hal_flash_ex.o
LOAD build/stm32f1xx_hal_exti.o
LOAD build/system_stm32f1xx.o
LOAD build/tim.o
LOAD build/startup_stm32f103xb.o
LOAD c:/users/cheng/.iotlink/tools/gcc-arm-none-eabi/bin/../lib/gcc/arm-none-eabi/9.2.1/../../../../arm-none-eabi/lib/thumb/v7-m/nofp\libc_nano.a
LOAD c:/users/cheng/.iotlink/tools/gcc-arm-none-eabi/bin/../lib/gcc/arm-none-eabi/9.2.1/../../../../arm-none-eabi/lib/thumb/v7-m/nofp\libm.a
LOAD c:/users/cheng/.iotlink/tools/gcc-arm-none-eabi/bin/../lib/gcc/arm-none-eabi/9.2.1/../../../../arm-none-eabi/lib/thumb/v7-m/nofp\libnosys.a
START GROUP
LOAD c:/users/cheng/.iotlink/tools/gcc-arm-none-eabi/bin/../lib/gcc/arm-none-eabi/9.2.1/thumb/v7-m/nofp\libgcc.a
LOAD c:/users/cheng/.iotlink/tools/gcc-arm-none-eabi/bin/../lib/gcc/arm-none-eabi/9.2.1/../../../../arm-none-eabi/lib/thumb/v7-m/nofp\libc_nano.a
END GROUP
START GROUP
LOAD c:/users/cheng/.iotlink/tools/gcc-arm-none-eabi/bin/../lib/gcc/arm-none-eabi/9.2.1/thumb/v7-m/nofp\libgcc.a
LOAD c:/users/cheng/.iotlink/tools/gcc-arm-none-eabi/bin/../lib/gcc/arm-none-eabi/9.2.1/../../../../arm-none-eabi/lib/thumb/v7-m/nofp\libc_nano.a
END GROUP
LOAD c:/users/cheng/.iotlink/tools/gcc-arm-none-eabi/bin/../lib/gcc/arm-none-eabi/9.2.1/thumb/v7-m/nofp/crtend.o
LOAD c:/users/cheng/.iotlink/tools/gcc-arm-none-eabi/bin/../lib/gcc/arm-none-eabi/9.2.1/thumb/v7-m/nofp/crtn.o
                0x20005000                _estack = 0x20005000
                0x00000200                _Min_Heap_Size = 0x200
                0x00000400                _Min_Stack_Size = 0x400

.isr_vector     0x08000000      0x10c
                0x08000000                . = ALIGN (0x4)
 *(.isr_vector)
 .isr_vector    0x08000000      0x10c build/startup_stm32f103xb.o
                0x08000000                g_pfnVectors
                0x0800010c                . = ALIGN (0x4)

.text           0x0800010c     0x2834
                0x0800010c                . = ALIGN (0x4)
 *(.text)
 .text          0x0800010c       0x40 c:/users/cheng/.iotlink/tools/gcc-arm-none-eabi/bin/../lib/gcc/arm-none-eabi/9.2.1/thumb/v7-m/nofp/crtbegin.o
 .text          0x0800014c      0x21c c:/users/cheng/.iotlink/tools/gcc-arm-none-eabi/bin/../lib/gcc/arm-none-eabi/9.2.1/thumb/v7-m/nofp\libgcc.a(_arm_addsubsf3.o)
                0x0800014c                __aeabi_frsub
                0x08000154                __subsf3
                0x08000154                __aeabi_fsub
                0x08000158                __aeabi_fadd
                0x08000158                __addsf3
                0x080002b8                __aeabi_ui2f
                0x080002b8                __floatunsisf
                0x080002c0                __aeabi_i2f
                0x080002c0                __floatsisf
                0x080002dc                __aeabi_ul2f
                0x080002dc                __floatundisf
                0x080002ec                __aeabi_l2f
                0x080002ec                __floatdisf
 .text          0x08000368      0x2a0 c:/users/cheng/.iotlink/tools/gcc-arm-none-eabi/bin/../lib/gcc/arm-none-eabi/9.2.1/thumb/v7-m/nofp\libgcc.a(_arm_muldivsf3.o)
                0x08000368                __mulsf3
                0x08000368                __aeabi_fmul
                0x080004d0                __aeabi_fdiv
                0x080004d0                __divsf3
 .text          0x08000608       0x40 c:/users/cheng/.iotlink/tools/gcc-arm-none-eabi/bin/../lib/gcc/arm-none-eabi/9.2.1/thumb/v7-m/nofp\libgcc.a(_arm_fixunssfsi.o)
                0x08000608                __fixunssfsi
                0x08000608                __aeabi_f2uiz
 *(.text*)
 .text.INA226_IIC_Init
                0x08000648       0x20 build/ina226.o
                0x08000648                INA226_IIC_Init
 .text.INA226_IIC_Start
                0x08000668       0x34 build/ina226.o
                0x08000668                INA226_IIC_Start
 .text.INA226_IIC_Stop
                0x0800069c       0x28 build/ina226.o
                0x0800069c                INA226_IIC_Stop
 .text.INA226_IIC_Ack
                0x080006c4       0x34 build/ina226.o
                0x080006c4                INA226_IIC_Ack
 .text.INA226_IIC_NAck
                0x080006f8       0x34 build/ina226.o
                0x080006f8                INA226_IIC_NAck
 .text.INA226_IIC_Wait_Ack
                0x0800072c       0x48 build/ina226.o
                0x0800072c                INA226_IIC_Wait_Ack
 .text.INA226_IIC_Send_Byte
                0x08000774       0x58 build/ina226.o
                0x08000774                INA226_IIC_Send_Byte
 .text.INA226_IIC_Read_Byte
                0x080007cc       0x50 build/ina226.o
                0x080007cc                INA226_IIC_Read_Byte
 .text.INA226_SetRegPointer
                0x0800081c       0x24 build/ina226.o
                0x0800081c                INA226_SetRegPointer
 .text.INA226_SendData
                0x08000840       0x3a build/ina226.o
                0x08000840                INA226_SendData
 .text.INA226_ReadData
                0x0800087a       0x32 build/ina226.o
                0x0800087a                INA226_ReadData
 .text.INA226_GetShunt_Current
                0x080008ac       0x1e build/ina226.o
                0x080008ac                INA226_GetShunt_Current
 *fill*         0x080008ca        0x2 
 .text.INA226_Get_ID
                0x080008cc       0x1c build/ina226.o
                0x080008cc                INA226_Get_ID
 .text.mx_ina226_init
                0x080008e8       0x32 build/ina226.o
                0x080008e8                mx_ina226_init
 .text.INA226_GetVoltage
                0x0800091a       0x12 build/ina226.o
                0x0800091a                INA226_GetVoltage
 .text.INA226_GetShuntVoltage
                0x0800092c       0x20 build/ina226.o
                0x0800092c                INA226_GetShuntVoltage
 .text.GetVoltage
                0x0800094c       0x1c build/ina226.o
                0x0800094c                GetVoltage
 .text.Get_Shunt_voltage
                0x08000968       0x1c build/ina226.o
                0x08000968                Get_Shunt_voltage
 .text.Get_Shunt_Current
                0x08000984       0x12 build/ina226.o
                0x08000984                Get_Shunt_Current
 .text.INA226_Get_Power
                0x08000996       0x12 build/ina226.o
                0x08000996                INA226_Get_Power
 .text.Get_Power
                0x080009a8       0x1a build/ina226.o
                0x080009a8                Get_Power
 *fill*         0x080009c2        0x2 
 .text.get_power
                0x080009c4       0x40 build/ina226.o
                0x080009c4                get_power
 .text.IIC_Start
                0x08000a04       0x34 build/oled.o
                0x08000a04                IIC_Start
 .text.IIC_Stop
                0x08000a38       0x28 build/oled.o
                0x08000a38                IIC_Stop
 .text.IIC_Wait_Ack
                0x08000a60       0x20 build/oled.o
                0x08000a60                IIC_Wait_Ack
 .text.Write_IIC_Byte
                0x08000a80       0x58 build/oled.o
                0x08000a80                Write_IIC_Byte
 .text.Write_IIC_Command
                0x08000ad8       0x2c build/oled.o
                0x08000ad8                Write_IIC_Command
 .text.Write_IIC_Data
                0x08000b04       0x2c build/oled.o
                0x08000b04                Write_IIC_Data
 .text.OLED_WR_Byte
                0x08000b30       0x14 build/oled.o
                0x08000b30                OLED_WR_Byte
 .text.OLED_Set_Pos
                0x08000b44       0x26 build/oled.o
                0x08000b44                OLED_Set_Pos
 .text.OLED_Clear
                0x08000b6a       0x40 build/oled.o
                0x08000b6a                OLED_Clear
 *fill*         0x08000baa        0x2 
 .text.OLED_ShowChar
                0x08000bac       0x94 build/oled.o
                0x08000bac                OLED_ShowChar
 .text.OLED_ShowString
                0x08000c40       0x36 build/oled.o
                0x08000c40                OLED_ShowString
 .text.OLED_Init
                0x08000c76       0xe2 build/oled.o
                0x08000c76                OLED_Init
 .text.Error_Handler
                0x08000d58        0x4 build/main.o
                0x08000d58                Error_Handler
 .text.SystemClock_Config
                0x08000d5c       0x62 build/main.o
                0x08000d5c                SystemClock_Config
 *fill*         0x08000dbe        0x2 
 .text.main     0x08000dc0       0x2c build/main.o
                0x08000dc0                main
 .text.HAL_GPIO_EXTI_Callback
                0x08000dec       0x60 build/gpio.o
                0x08000dec                HAL_GPIO_EXTI_Callback
 .text.MX_GPIO_Init
                0x08000e4c       0xd4 build/gpio.o
                0x08000e4c                MX_GPIO_Init
 .text.NMI_Handler
                0x08000f20        0x2 build/stm32f1xx_it.o
                0x08000f20                NMI_Handler
 .text.HardFault_Handler
                0x08000f22        0x2 build/stm32f1xx_it.o
                0x08000f22                HardFault_Handler
 .text.MemManage_Handler
                0x08000f24        0x2 build/stm32f1xx_it.o
                0x08000f24                MemManage_Handler
 .text.BusFault_Handler
                0x08000f26        0x2 build/stm32f1xx_it.o
                0x08000f26                BusFault_Handler
 .text.UsageFault_Handler
                0x08000f28        0x2 build/stm32f1xx_it.o
                0x08000f28                UsageFault_Handler
 .text.SVC_Handler
                0x08000f2a        0x2 build/stm32f1xx_it.o
                0x08000f2a                SVC_Handler
 .text.DebugMon_Handler
                0x08000f2c        0x2 build/stm32f1xx_it.o
                0x08000f2c                DebugMon_Handler
 .text.PendSV_Handler
                0x08000f2e        0x2 build/stm32f1xx_it.o
                0x08000f2e                PendSV_Handler
 .text.SysTick_Handler
                0x08000f30        0x8 build/stm32f1xx_it.o
                0x08000f30                SysTick_Handler
 .text.EXTI1_IRQHandler
                0x08000f38        0xa build/stm32f1xx_it.o
                0x08000f38                EXTI1_IRQHandler
 .text.EXTI2_IRQHandler
                0x08000f42        0xa build/stm32f1xx_it.o
                0x08000f42                EXTI2_IRQHandler
 .text.EXTI3_IRQHandler
                0x08000f4c        0xa build/stm32f1xx_it.o
                0x08000f4c                EXTI3_IRQHandler
 *fill*         0x08000f56        0x2 
 .text.TIM1_UP_IRQHandler
                0x08000f58       0x10 build/stm32f1xx_it.o
                0x08000f58                TIM1_UP_IRQHandler
 .text.HAL_MspInit
                0x08000f68       0x4c build/stm32f1xx_hal_msp.o
                0x08000f68                HAL_MspInit
 .text.TIM_TI1_ConfigInputStage
                0x08000fb4       0x24 build/stm32f1xx_hal_tim.o
 .text.TIM_TI2_ConfigInputStage
                0x08000fd8       0x26 build/stm32f1xx_hal_tim.o
 .text.TIM_ITRx_SetConfig
                0x08000ffe       0x10 build/stm32f1xx_hal_tim.o
 *fill*         0x0800100e        0x2 
 .text.HAL_TIM_Base_Start_IT
                0x08001010       0x68 build/stm32f1xx_hal_tim.o
                0x08001010                HAL_TIM_Base_Start_IT
 .text.HAL_TIM_OC_DelayElapsedCallback
                0x08001078        0x2 build/stm32f1xx_hal_tim.o
                0x08001078                HAL_TIM_OC_DelayElapsedCallback
 .text.HAL_TIM_IC_CaptureCallback
                0x0800107a        0x2 build/stm32f1xx_hal_tim.o
                0x0800107a                HAL_TIM_IC_CaptureCallback
 .text.HAL_TIM_PWM_PulseFinishedCallback
                0x0800107c        0x2 build/stm32f1xx_hal_tim.o
                0x0800107c                HAL_TIM_PWM_PulseFinishedCallback
 .text.HAL_TIM_TriggerCallback
                0x0800107e        0x2 build/stm32f1xx_hal_tim.o
                0x0800107e                HAL_TIM_TriggerCallback
 .text.HAL_TIM_IRQHandler
                0x08001080      0x17a build/stm32f1xx_hal_tim.o
                0x08001080                HAL_TIM_IRQHandler
 *fill*         0x080011fa        0x2 
 .text.TIM_Base_SetConfig
                0x080011fc       0x74 build/stm32f1xx_hal_tim.o
                0x080011fc                TIM_Base_SetConfig
 .text.HAL_TIM_Base_Init
                0x08001270       0x58 build/stm32f1xx_hal_tim.o
                0x08001270                HAL_TIM_Base_Init
 .text.TIM_ETR_SetConfig
                0x080012c8       0x16 build/stm32f1xx_hal_tim.o
                0x080012c8                TIM_ETR_SetConfig
 .text.HAL_TIM_ConfigClockSource
                0x080012de       0xda build/stm32f1xx_hal_tim.o
                0x080012de                HAL_TIM_ConfigClockSource
 .text.HAL_TIMEx_MasterConfigSynchronization
                0x080013b8       0x68 build/stm32f1xx_hal_tim_ex.o
                0x080013b8                HAL_TIMEx_MasterConfigSynchronization
 .text.HAL_TIMEx_CommutCallback
                0x08001420        0x2 build/stm32f1xx_hal_tim_ex.o
                0x08001420                HAL_TIMEx_CommutCallback
 .text.HAL_TIMEx_BreakCallback
                0x08001422        0x2 build/stm32f1xx_hal_tim_ex.o
                0x08001422                HAL_TIMEx_BreakCallback
 .text.HAL_InitTick
                0x08001424       0x4c build/stm32f1xx_hal.o
                0x08001424                HAL_InitTick
 .text.HAL_Init
                0x08001470       0x24 build/stm32f1xx_hal.o
                0x08001470                HAL_Init
 .text.HAL_IncTick
                0x08001494       0x18 build/stm32f1xx_hal.o
                0x08001494                HAL_IncTick
 .text.HAL_GetTick
                0x080014ac        0xc build/stm32f1xx_hal.o
                0x080014ac                HAL_GetTick
 .text.HAL_Delay
                0x080014b8       0x28 build/stm32f1xx_hal.o
                0x080014b8                HAL_Delay
 .text.RCC_Delay
                0x080014e0       0x2c build/stm32f1xx_hal_rcc.o
 .text.HAL_RCC_OscConfig
                0x0800150c      0x410 build/stm32f1xx_hal_rcc.o
                0x0800150c                HAL_RCC_OscConfig
 .text.HAL_RCC_GetSysClockFreq
                0x0800191c       0x6c build/stm32f1xx_hal_rcc.o
                0x0800191c                HAL_RCC_GetSysClockFreq
 .text.HAL_RCC_ClockConfig
                0x08001988      0x16c build/stm32f1xx_hal_rcc.o
                0x08001988                HAL_RCC_ClockConfig
 .text.HAL_GPIO_Init
                0x08001af4      0x220 build/stm32f1xx_hal_gpio.o
                0x08001af4                HAL_GPIO_Init
 .text.HAL_GPIO_ReadPin
                0x08001d14        0xe build/stm32f1xx_hal_gpio.o
                0x08001d14                HAL_GPIO_ReadPin
 .text.HAL_GPIO_WritePin
                0x08001d22        0xc build/stm32f1xx_hal_gpio.o
                0x08001d22                HAL_GPIO_WritePin
 *fill*         0x08001d2e        0x2 
 .text.HAL_GPIO_EXTI_IRQHandler
                0x08001d30       0x1c build/stm32f1xx_hal_gpio.o
                0x08001d30                HAL_GPIO_EXTI_IRQHandler
 .text.HAL_NVIC_SetPriorityGrouping
                0x08001d4c       0x24 build/stm32f1xx_hal_cortex.o
                0x08001d4c                HAL_NVIC_SetPriorityGrouping
 .text.HAL_NVIC_SetPriority
                0x08001d70       0x68 build/stm32f1xx_hal_cortex.o
                0x08001d70                HAL_NVIC_SetPriority
 .text.HAL_NVIC_EnableIRQ
                0x08001dd8       0x1c build/stm32f1xx_hal_cortex.o
                0x08001dd8                HAL_NVIC_EnableIRQ
 .text.HAL_SYSTICK_Config
                0x08001df4       0x2c build/stm32f1xx_hal_cortex.o
                0x08001df4                HAL_SYSTICK_Config
 .text.SystemInit
                0x08001e20        0x2 build/system_stm32f1xx.o
                0x08001e20                SystemInit
 *fill*         0x08001e22        0x2 
 .text.Data_Refresh_Task
                0x08001e24       0xd0 build/tim.o
                0x08001e24                Data_Refresh_Task
 .text.Oled_Data_List
                0x08001ef4       0x44 build/tim.o
                0x08001ef4                Oled_Data_List
 .text.HAL_TIM_PeriodElapsedCallback
                0x08001f38       0x18 build/tim.o
                0x08001f38                HAL_TIM_PeriodElapsedCallback
 .text.MX_TIM1_Init
                0x08001f50       0x74 build/tim.o
                0x08001f50                MX_TIM1_Init
 .text.HAL_TIM_Base_MspInit
                0x08001fc4       0x40 build/tim.o
                0x08001fc4                HAL_TIM_Base_MspInit
 .text.Reset_Handler
                0x08002004       0x48 build/startup_stm32f103xb.o
                0x08002004                Reset_Handler
 .text.Default_Handler
                0x0800204c        0x2 build/startup_stm32f103xb.o
                0x0800204c                RTC_Alarm_IRQHandler
                0x0800204c                TIM1_CC_IRQHandler
                0x0800204c                PVD_IRQHandler
                0x0800204c                EXTI0_IRQHandler
                0x0800204c                I2C2_EV_IRQHandler
                0x0800204c                ADC1_2_IRQHandler
                0x0800204c                SPI1_IRQHandler
                0x0800204c                TAMPER_IRQHandler
                0x0800204c                DMA1_Channel4_IRQHandler
                0x0800204c                USART3_IRQHandler
                0x0800204c                RTC_IRQHandler
                0x0800204c                DMA1_Channel7_IRQHandler
                0x0800204c                CAN1_RX1_IRQHandler
                0x0800204c                TIM4_IRQHandler
                0x0800204c                I2C1_EV_IRQHandler
                0x0800204c                DMA1_Channel6_IRQHandler
                0x0800204c                TIM3_IRQHandler
                0x0800204c                RCC_IRQHandler
                0x0800204c                TIM1_TRG_COM_IRQHandler
                0x0800204c                DMA1_Channel1_IRQHandler
                0x0800204c                Default_Handler
                0x0800204c                EXTI15_10_IRQHandler
                0x0800204c                EXTI9_5_IRQHandler
                0x0800204c                SPI2_IRQHandler
                0x0800204c                DMA1_Channel5_IRQHandler
                0x0800204c                EXTI4_IRQHandler
                0x0800204c                USB_LP_CAN1_RX0_IRQHandler
                0x0800204c                USB_HP_CAN1_TX_IRQHandler
                0x0800204c                DMA1_Channel3_IRQHandler
                0x0800204c                WWDG_IRQHandler
                0x0800204c                TIM2_IRQHandler
                0x0800204c                TIM1_BRK_IRQHandler
                0x0800204c                USART2_IRQHandler
                0x0800204c                I2C2_ER_IRQHandler
                0x0800204c                DMA1_Channel2_IRQHandler
                0x0800204c                CAN1_SCE_IRQHandler
                0x0800204c                FLASH_IRQHandler
                0x0800204c                USART1_IRQHandler
                0x0800204c                I2C1_ER_IRQHandler
                0x0800204c                USBWakeUp_IRQHandler
 *fill*         0x0800204e        0x2 
 .text.__libc_init_array
                0x08002050       0x48 c:/users/cheng/.iotlink/tools/gcc-arm-none-eabi/bin/../lib/gcc/arm-none-eabi/9.2.1/../../../../arm-none-eabi/lib/thumb/v7-m/nofp\libc_nano.a(lib_a-init.o)
                0x08002050                __libc_init_array
 .text.sprintf  0x08002098       0x40 c:/users/cheng/.iotlink/tools/gcc-arm-none-eabi/bin/../lib/gcc/arm-none-eabi/9.2.1/../../../../arm-none-eabi/lib/thumb/v7-m/nofp\libc_nano.a(lib_a-sprintf.o)
                0x08002098                siprintf
                0x08002098                sprintf
 .text.__ssputs_r
                0x080020d8       0xb6 c:/users/cheng/.iotlink/tools/gcc-arm-none-eabi/bin/../lib/gcc/arm-none-eabi/9.2.1/../../../../arm-none-eabi/lib/thumb/v7-m/nofp\libc_nano.a(lib_a-nano-svfprintf.o)
                0x080020d8                __ssputs_r
 *fill*         0x0800218e        0x2 
 .text._svfprintf_r
                0x08002190      0x200 c:/users/cheng/.iotlink/tools/gcc-arm-none-eabi/bin/../lib/gcc/arm-none-eabi/9.2.1/../../../../arm-none-eabi/lib/thumb/v7-m/nofp\libc_nano.a(lib_a-nano-svfprintf.o)
                0x08002190                _svfiprintf_r
                0x08002190                _svfprintf_r
 .text._printf_common
                0x08002390       0xde c:/users/cheng/.iotlink/tools/gcc-arm-none-eabi/bin/../lib/gcc/arm-none-eabi/9.2.1/../../../../arm-none-eabi/lib/thumb/v7-m/nofp\libc_nano.a(lib_a-nano-vfprintf_i.o)
                0x08002390                _printf_common
 *fill*         0x0800246e        0x2 
 .text._printf_i
                0x08002470      0x24c c:/users/cheng/.iotlink/tools/gcc-arm-none-eabi/bin/../lib/gcc/arm-none-eabi/9.2.1/../../../../arm-none-eabi/lib/thumb/v7-m/nofp\libc_nano.a(lib_a-nano-vfprintf_i.o)
                0x08002470                _printf_i
 .text.memchr   0x080026bc       0x1c c:/users/cheng/.iotlink/tools/gcc-arm-none-eabi/bin/../lib/gcc/arm-none-eabi/9.2.1/../../../../arm-none-eabi/lib/thumb/v7-m/nofp\libc_nano.a(lib_a-memchr-stub.o)
                0x080026bc                memchr
 .text.memcpy   0x080026d8       0x1c c:/users/cheng/.iotlink/tools/gcc-arm-none-eabi/bin/../lib/gcc/arm-none-eabi/9.2.1/../../../../arm-none-eabi/lib/thumb/v7-m/nofp\libc_nano.a(lib_a-memcpy-stub.o)
                0x080026d8                memcpy
 .text.memmove  0x080026f4       0x34 c:/users/cheng/.iotlink/tools/gcc-arm-none-eabi/bin/../lib/gcc/arm-none-eabi/9.2.1/../../../../arm-none-eabi/lib/thumb/v7-m/nofp\libc_nano.a(lib_a-memmove.o)
                0x080026f4                memmove
 .text._free_r  0x08002728       0x98 c:/users/cheng/.iotlink/tools/gcc-arm-none-eabi/bin/../lib/gcc/arm-none-eabi/9.2.1/../../../../arm-none-eabi/lib/thumb/v7-m/nofp\libc_nano.a(lib_a-nano-freer.o)
                0x08002728                _free_r
 .text._malloc_r
                0x080027c0       0xb4 c:/users/cheng/.iotlink/tools/gcc-arm-none-eabi/bin/../lib/gcc/arm-none-eabi/9.2.1/../../../../arm-none-eabi/lib/thumb/v7-m/nofp\libc_nano.a(lib_a-nano-mallocr.o)
                0x080027c0                _malloc_r
 .text._realloc_r
                0x08002874       0x4c c:/users/cheng/.iotlink/tools/gcc-arm-none-eabi/bin/../lib/gcc/arm-none-eabi/9.2.1/../../../../arm-none-eabi/lib/thumb/v7-m/nofp\libc_nano.a(lib_a-nano-reallocr.o)
                0x08002874                _realloc_r
 .text._sbrk_r  0x080028c0       0x20 c:/users/cheng/.iotlink/tools/gcc-arm-none-eabi/bin/../lib/gcc/arm-none-eabi/9.2.1/../../../../arm-none-eabi/lib/thumb/v7-m/nofp\libc_nano.a(lib_a-sbrkr.o)
                0x080028c0                _sbrk_r
 .text.__malloc_lock
                0x080028e0        0xc c:/users/cheng/.iotlink/tools/gcc-arm-none-eabi/bin/../lib/gcc/arm-none-eabi/9.2.1/../../../../arm-none-eabi/lib/thumb/v7-m/nofp\libc_nano.a(lib_a-mlock.o)
                0x080028e0                __malloc_lock
 .text.__malloc_unlock
                0x080028ec        0xc c:/users/cheng/.iotlink/tools/gcc-arm-none-eabi/bin/../lib/gcc/arm-none-eabi/9.2.1/../../../../arm-none-eabi/lib/thumb/v7-m/nofp\libc_nano.a(lib_a-mlock.o)
                0x080028ec                __malloc_unlock
 .text._malloc_usable_size_r
                0x080028f8       0x10 c:/users/cheng/.iotlink/tools/gcc-arm-none-eabi/bin/../lib/gcc/arm-none-eabi/9.2.1/../../../../arm-none-eabi/lib/thumb/v7-m/nofp\libc_nano.a(lib_a-nano-msizer.o)
                0x080028f8                _malloc_usable_size_r
 .text.__retarget_lock_acquire_recursive
                0x08002908        0x2 c:/users/cheng/.iotlink/tools/gcc-arm-none-eabi/bin/../lib/gcc/arm-none-eabi/9.2.1/../../../../arm-none-eabi/lib/thumb/v7-m/nofp\libc_nano.a(lib_a-lock.o)
                0x08002908                __retarget_lock_acquire_recursive
 .text.__retarget_lock_release_recursive
                0x0800290a        0x2 c:/users/cheng/.iotlink/tools/gcc-arm-none-eabi/bin/../lib/gcc/arm-none-eabi/9.2.1/../../../../arm-none-eabi/lib/thumb/v7-m/nofp\libc_nano.a(lib_a-lock.o)
                0x0800290a                __retarget_lock_release_recursive
 .text._sbrk    0x0800290c       0x1c c:/users/cheng/.iotlink/tools/gcc-arm-none-eabi/bin/../lib/gcc/arm-none-eabi/9.2.1/../../../../arm-none-eabi/lib/thumb/v7-m/nofp\libnosys.a(sbrk.o)
                0x0800290c                _sbrk
 *(.glue_7)
 .glue_7        0x08002928        0x0 linker stubs
 *(.glue_7t)
 .glue_7t       0x08002928        0x0 linker stubs
 *(.eh_frame)
 .eh_frame      0x08002928        0x0 c:/users/cheng/.iotlink/tools/gcc-arm-none-eabi/bin/../lib/gcc/arm-none-eabi/9.2.1/thumb/v7-m/nofp/crtbegin.o
 *(.init)
 .init          0x08002928        0x4 c:/users/cheng/.iotlink/tools/gcc-arm-none-eabi/bin/../lib/gcc/arm-none-eabi/9.2.1/thumb/v7-m/nofp/crti.o
                0x08002928                _init
 .init          0x0800292c        0x8 c:/users/cheng/.iotlink/tools/gcc-arm-none-eabi/bin/../lib/gcc/arm-none-eabi/9.2.1/thumb/v7-m/nofp/crtn.o
 *(.fini)
 .fini          0x08002934        0x4 c:/users/cheng/.iotlink/tools/gcc-arm-none-eabi/bin/../lib/gcc/arm-none-eabi/9.2.1/thumb/v7-m/nofp/crti.o
                0x08002934                _fini
 .fini          0x08002938        0x8 c:/users/cheng/.iotlink/tools/gcc-arm-none-eabi/bin/../lib/gcc/arm-none-eabi/9.2.1/thumb/v7-m/nofp/crtn.o
                0x08002940                . = ALIGN (0x4)
                0x08002940                _etext = .

.vfp11_veneer   0x08002940        0x0
 .vfp11_veneer  0x08002940        0x0 linker stubs

.v4_bx          0x08002940        0x0
 .v4_bx         0x08002940        0x0 linker stubs

.iplt           0x08002940        0x0
 .iplt          0x08002940        0x0 c:/users/cheng/.iotlink/tools/gcc-arm-none-eabi/bin/../lib/gcc/arm-none-eabi/9.2.1/thumb/v7-m/nofp/crtbegin.o

.rodata         0x08002940      0x8b4
                0x08002940                . = ALIGN (0x4)
 *(.rodata)
 *(.rodata*)
 .rodata.F6x8   0x08002940      0x228 build/oled.o
                0x08002940                F6x8
 .rodata.F8X16  0x08002b68      0x5f0 build/oled.o
                0x08002b68                F8X16
 .rodata.HAL_RCC_GetSysClockFreq.str1.4
                0x08003158       0x11 build/stm32f1xx_hal_rcc.o
 *fill*         0x08003169        0x3 
 .rodata.AHBPrescTable
                0x0800316c       0x10 build/system_stm32f1xx.o
                0x0800316c                AHBPrescTable
 .rodata.Data_Refresh_Task.str1.4
                0x0800317c       0x3a build/tim.o
 *fill*         0x080031b6        0x2 
 .rodata.Oled_Data_List.str1.4
                0x080031b8        0x8 build/tim.o
 .rodata._svfprintf_r.str1.1
                0x080031c0       0x11 c:/users/cheng/.iotlink/tools/gcc-arm-none-eabi/bin/../lib/gcc/arm-none-eabi/9.2.1/../../../../arm-none-eabi/lib/thumb/v7-m/nofp\libc_nano.a(lib_a-nano-svfprintf.o)
 .rodata._printf_i.str1.1
                0x080031d1       0x22 c:/users/cheng/.iotlink/tools/gcc-arm-none-eabi/bin/../lib/gcc/arm-none-eabi/9.2.1/../../../../arm-none-eabi/lib/thumb/v7-m/nofp\libc_nano.a(lib_a-nano-vfprintf_i.o)
                0x080031f4                . = ALIGN (0x4)
 *fill*         0x080031f3        0x1 

.rel.dyn        0x080031f4        0x0
 .rel.iplt      0x080031f4        0x0 c:/users/cheng/.iotlink/tools/gcc-arm-none-eabi/bin/../lib/gcc/arm-none-eabi/9.2.1/thumb/v7-m/nofp/crtbegin.o

.ARM.extab
 *(.ARM.extab* .gnu.linkonce.armextab.*)

.ARM            0x080031f4        0x0
                0x080031f4                __exidx_start = .
 *(.ARM.exidx*)
                0x080031f4                __exidx_end = .

.preinit_array  0x080031f4        0x0
                0x080031f4                PROVIDE (__preinit_array_start = .)
 *(.preinit_array*)
                0x080031f4                PROVIDE (__preinit_array_end = .)

.init_array     0x080031f4        0x4
                0x080031f4                PROVIDE (__init_array_start = .)
 *(SORT_BY_NAME(.init_array.*))
 *(.init_array*)
 .init_array    0x080031f4        0x4 c:/users/cheng/.iotlink/tools/gcc-arm-none-eabi/bin/../lib/gcc/arm-none-eabi/9.2.1/thumb/v7-m/nofp/crtbegin.o
                0x080031f8                PROVIDE (__init_array_end = .)

.fini_array     0x080031f8        0x4
                [!provide]                PROVIDE (__fini_array_start = .)
 *(SORT_BY_NAME(.fini_array.*))
 *(.fini_array*)
 .fini_array    0x080031f8        0x4 c:/users/cheng/.iotlink/tools/gcc-arm-none-eabi/bin/../lib/gcc/arm-none-eabi/9.2.1/thumb/v7-m/nofp/crtbegin.o
                [!provide]                PROVIDE (__fini_array_end = .)
                0x080031fc                _sidata = LOADADDR (.data)

.data           0x20000000       0x70 load address 0x080031fc
                0x20000000                . = ALIGN (0x4)
                0x20000000                _sdata = .
 *(.data)
 *(.data*)
 .data.uwTickFreq
                0x20000000        0x1 build/stm32f1xx_hal.o
                0x20000000                uwTickFreq
 *fill*         0x20000001        0x3 
 .data.uwTickPrio
                0x20000004        0x4 build/stm32f1xx_hal.o
                0x20000004                uwTickPrio
 .data.SystemCoreClock
                0x20000008        0x4 build/system_stm32f1xx.o
                0x20000008                SystemCoreClock
 .data._impure_ptr
                0x2000000c        0x4 c:/users/cheng/.iotlink/tools/gcc-arm-none-eabi/bin/../lib/gcc/arm-none-eabi/9.2.1/../../../../arm-none-eabi/lib/thumb/v7-m/nofp\libc_nano.a(lib_a-impure.o)
                0x2000000c                _impure_ptr
 .data.impure_data
                0x20000010       0x60 c:/users/cheng/.iotlink/tools/gcc-arm-none-eabi/bin/../lib/gcc/arm-none-eabi/9.2.1/../../../../arm-none-eabi/lib/thumb/v7-m/nofp\libc_nano.a(lib_a-impure.o)
                0x20000070                . = ALIGN (0x4)
                0x20000070                _edata = .

.igot.plt       0x20000070        0x0 load address 0x0800326c
 .igot.plt      0x20000070        0x0 c:/users/cheng/.iotlink/tools/gcc-arm-none-eabi/bin/../lib/gcc/arm-none-eabi/9.2.1/thumb/v7-m/nofp/crtbegin.o
                0x20000070                . = ALIGN (0x4)

.bss            0x20000070       0xdc load address 0x0800326c
                0x20000070                _sbss = .
                0x20000070                __bss_start__ = _sbss
 *(.bss)
 .bss           0x20000070       0x1c c:/users/cheng/.iotlink/tools/gcc-arm-none-eabi/bin/../lib/gcc/arm-none-eabi/9.2.1/thumb/v7-m/nofp/crtbegin.o
 *(.bss*)
 .bss.Flag_KEY1
                0x2000008c        0x1 build/gpio.o
                0x2000008c                Flag_KEY1
 .bss.Flag_KEY2
                0x2000008d        0x1 build/gpio.o
                0x2000008d                Flag_KEY2
 .bss.Flag_KEY3
                0x2000008e        0x1 build/gpio.o
                0x2000008e                Flag_KEY3
 *fill*         0x2000008f        0x1 
 .bss.__malloc_free_list
                0x20000090        0x4 c:/users/cheng/.iotlink/tools/gcc-arm-none-eabi/bin/../lib/gcc/arm-none-eabi/9.2.1/../../../../arm-none-eabi/lib/thumb/v7-m/nofp\libc_nano.a(lib_a-nano-mallocr.o)
                0x20000090                __malloc_free_list
 .bss.__malloc_sbrk_start
                0x20000094        0x4 c:/users/cheng/.iotlink/tools/gcc-arm-none-eabi/bin/../lib/gcc/arm-none-eabi/9.2.1/../../../../arm-none-eabi/lib/thumb/v7-m/nofp\libc_nano.a(lib_a-nano-mallocr.o)
                0x20000094                __malloc_sbrk_start
 .bss.heap_end.4144
                0x20000098        0x4 c:/users/cheng/.iotlink/tools/gcc-arm-none-eabi/bin/../lib/gcc/arm-none-eabi/9.2.1/../../../../arm-none-eabi/lib/thumb/v7-m/nofp\libnosys.a(sbrk.o)
 *(COMMON)
 COMMON         0x2000009c       0x18 build/ina226.o
                0x2000009c                INA226_data
 COMMON         0x200000b4        0x4 build/stm32f1xx_hal.o
                0x200000b4                uwTick
 COMMON         0x200000b8       0x84 build/tim.o
                0x200000b8                char_V
                0x200000cc                char_W
                0x200000e0                char_I
                0x200000f4                htim1
 COMMON         0x2000013c        0x4 c:/users/cheng/.iotlink/tools/gcc-arm-none-eabi/bin/../lib/gcc/arm-none-eabi/9.2.1/../../../../arm-none-eabi/lib/thumb/v7-m/nofp\libc_nano.a(lib_a-reent.o)
                0x2000013c                errno
 COMMON         0x20000140        0x9 c:/users/cheng/.iotlink/tools/gcc-arm-none-eabi/bin/../lib/gcc/arm-none-eabi/9.2.1/../../../../arm-none-eabi/lib/thumb/v7-m/nofp\libc_nano.a(lib_a-lock.o)
                0x20000140                __lock___atexit_recursive_mutex
                0x20000141                __lock___arc4random_mutex
                0x20000142                __lock___env_recursive_mutex
                0x20000143                __lock___sinit_recursive_mutex
                0x20000144                __lock___malloc_recursive_mutex
                0x20000145                __lock___at_quick_exit_mutex
                0x20000146                __lock___dd_hash_mutex
                0x20000147                __lock___tz_mutex
                0x20000148                __lock___sfp_recursive_mutex
                0x2000014c                . = ALIGN (0x4)
 *fill*         0x20000149        0x3 
                0x2000014c                _ebss = .
                0x2000014c                __bss_end__ = _ebss

._user_heap_stack
                0x2000014c      0x604 load address 0x0800326c
                0x20000150                . = ALIGN (0x8)
 *fill*         0x2000014c        0x4 
                0x20000150                PROVIDE (end = .)
                [!provide]                PROVIDE (_end = .)
                0x20000350                . = (. + _Min_Heap_Size)
 *fill*         0x20000150      0x200 
                0x20000750                . = (. + _Min_Stack_Size)
 *fill*         0x20000350      0x400 
                0x20000750                . = ALIGN (0x8)

/DISCARD/
 libc.a(*)
 libm.a(*)
 libgcc.a(*)

.ARM.attributes
                0x00000000       0x29
 *(.ARM.attributes)
 .ARM.attributes
                0x00000000       0x1d c:/users/cheng/.iotlink/tools/gcc-arm-none-eabi/bin/../lib/gcc/arm-none-eabi/9.2.1/thumb/v7-m/nofp/crti.o
 .ARM.attributes
                0x0000001d       0x2d c:/users/cheng/.iotlink/tools/gcc-arm-none-eabi/bin/../lib/gcc/arm-none-eabi/9.2.1/thumb/v7-m/nofp/crtbegin.o
 .ARM.attributes
                0x0000004a       0x2d build/ina226.o
 .ARM.attributes
                0x00000077       0x2d build/oled.o
 .ARM.attributes
                0x000000a4       0x2d build/main.o
 .ARM.attributes
                0x000000d1       0x2d build/gpio.o
 .ARM.attributes
                0x000000fe       0x2d build/stm32f1xx_it.o
 .ARM.attributes
                0x0000012b       0x2d build/stm32f1xx_hal_msp.o
 .ARM.attributes
                0x00000158       0x2d build/stm32f1xx_hal_tim.o
 .ARM.attributes
                0x00000185       0x2d build/stm32f1xx_hal_tim_ex.o
 .ARM.attributes
                0x000001b2       0x2d build/stm32f1xx_hal.o
 .ARM.attributes
                0x000001df       0x2d build/stm32f1xx_hal_rcc.o
 .ARM.attributes
                0x0000020c       0x2d build/stm32f1xx_hal_gpio.o
 .ARM.attributes
                0x00000239       0x2d build/stm32f1xx_hal_cortex.o
 .ARM.attributes
                0x00000266       0x2d build/system_stm32f1xx.o
 .ARM.attributes
                0x00000293       0x2d build/tim.o
 .ARM.attributes
                0x000002c0       0x21 build/startup_stm32f103xb.o
 .ARM.attributes
                0x000002e1       0x2d c:/users/cheng/.iotlink/tools/gcc-arm-none-eabi/bin/../lib/gcc/arm-none-eabi/9.2.1/../../../../arm-none-eabi/lib/thumb/v7-m/nofp\libc_nano.a(lib_a-impure.o)
 .ARM.attributes
                0x0000030e       0x2d c:/users/cheng/.iotlink/tools/gcc-arm-none-eabi/bin/../lib/gcc/arm-none-eabi/9.2.1/../../../../arm-none-eabi/lib/thumb/v7-m/nofp\libc_nano.a(lib_a-init.o)
 .ARM.attributes
                0x0000033b       0x2d c:/users/cheng/.iotlink/tools/gcc-arm-none-eabi/bin/../lib/gcc/arm-none-eabi/9.2.1/../../../../arm-none-eabi/lib/thumb/v7-m/nofp\libc_nano.a(lib_a-sprintf.o)
 .ARM.attributes
                0x00000368       0x2d c:/users/cheng/.iotlink/tools/gcc-arm-none-eabi/bin/../lib/gcc/arm-none-eabi/9.2.1/../../../../arm-none-eabi/lib/thumb/v7-m/nofp\libc_nano.a(lib_a-nano-svfprintf.o)
 .ARM.attributes
                0x00000395       0x2d c:/users/cheng/.iotlink/tools/gcc-arm-none-eabi/bin/../lib/gcc/arm-none-eabi/9.2.1/../../../../arm-none-eabi/lib/thumb/v7-m/nofp\libc_nano.a(lib_a-nano-vfprintf_i.o)
 .ARM.attributes
                0x000003c2       0x2d c:/users/cheng/.iotlink/tools/gcc-arm-none-eabi/bin/../lib/gcc/arm-none-eabi/9.2.1/../../../../arm-none-eabi/lib/thumb/v7-m/nofp\libc_nano.a(lib_a-memchr-stub.o)
 .ARM.attributes
                0x000003ef       0x2d c:/users/cheng/.iotlink/tools/gcc-arm-none-eabi/bin/../lib/gcc/arm-none-eabi/9.2.1/../../../../arm-none-eabi/lib/thumb/v7-m/nofp\libc_nano.a(lib_a-memcpy-stub.o)
 .ARM.attributes
                0x0000041c       0x2d c:/users/cheng/.iotlink/tools/gcc-arm-none-eabi/bin/../lib/gcc/arm-none-eabi/9.2.1/../../../../arm-none-eabi/lib/thumb/v7-m/nofp\libc_nano.a(lib_a-memmove.o)
 .ARM.attributes
                0x00000449       0x2d c:/users/cheng/.iotlink/tools/gcc-arm-none-eabi/bin/../lib/gcc/arm-none-eabi/9.2.1/../../../../arm-none-eabi/lib/thumb/v7-m/nofp\libc_nano.a(lib_a-nano-freer.o)
 .ARM.attributes
                0x00000476       0x2d c:/users/cheng/.iotlink/tools/gcc-arm-none-eabi/bin/../lib/gcc/arm-none-eabi/9.2.1/../../../../arm-none-eabi/lib/thumb/v7-m/nofp\libc_nano.a(lib_a-nano-mallocr.o)
 .ARM.attributes
                0x000004a3       0x2d c:/users/cheng/.iotlink/tools/gcc-arm-none-eabi/bin/../lib/gcc/arm-none-eabi/9.2.1/../../../../arm-none-eabi/lib/thumb/v7-m/nofp\libc_nano.a(lib_a-nano-reallocr.o)
 .ARM.attributes
                0x000004d0       0x2d c:/users/cheng/.iotlink/tools/gcc-arm-none-eabi/bin/../lib/gcc/arm-none-eabi/9.2.1/../../../../arm-none-eabi/lib/thumb/v7-m/nofp\libc_nano.a(lib_a-sbrkr.o)
 .ARM.attributes
                0x000004fd       0x2d c:/users/cheng/.iotlink/tools/gcc-arm-none-eabi/bin/../lib/gcc/arm-none-eabi/9.2.1/../../../../arm-none-eabi/lib/thumb/v7-m/nofp\libc_nano.a(lib_a-mlock.o)
 .ARM.attributes
                0x0000052a       0x2d c:/users/cheng/.iotlink/tools/gcc-arm-none-eabi/bin/../lib/gcc/arm-none-eabi/9.2.1/../../../../arm-none-eabi/lib/thumb/v7-m/nofp\libc_nano.a(lib_a-nano-msizer.o)
 .ARM.attributes
                0x00000557       0x2d c:/users/cheng/.iotlink/tools/gcc-arm-none-eabi/bin/../lib/gcc/arm-none-eabi/9.2.1/../../../../arm-none-eabi/lib/thumb/v7-m/nofp\libc_nano.a(lib_a-reent.o)
 .ARM.attributes
                0x00000584       0x2d c:/users/cheng/.iotlink/tools/gcc-arm-none-eabi/bin/../lib/gcc/arm-none-eabi/9.2.1/../../../../arm-none-eabi/lib/thumb/v7-m/nofp\libc_nano.a(lib_a-lock.o)
 .ARM.attributes
                0x000005b1       0x2d c:/users/cheng/.iotlink/tools/gcc-arm-none-eabi/bin/../lib/gcc/arm-none-eabi/9.2.1/../../../../arm-none-eabi/lib/thumb/v7-m/nofp\libnosys.a(sbrk.o)
 .ARM.attributes
                0x000005de       0x1d c:/users/cheng/.iotlink/tools/gcc-arm-none-eabi/bin/../lib/gcc/arm-none-eabi/9.2.1/thumb/v7-m/nofp\libgcc.a(_arm_addsubsf3.o)
 .ARM.attributes
                0x000005fb       0x1d c:/users/cheng/.iotlink/tools/gcc-arm-none-eabi/bin/../lib/gcc/arm-none-eabi/9.2.1/thumb/v7-m/nofp\libgcc.a(_arm_muldivsf3.o)
 .ARM.attributes
                0x00000618       0x1d c:/users/cheng/.iotlink/tools/gcc-arm-none-eabi/bin/../lib/gcc/arm-none-eabi/9.2.1/thumb/v7-m/nofp\libgcc.a(_arm_fixunssfsi.o)
 .ARM.attributes
                0x00000635       0x1d c:/users/cheng/.iotlink/tools/gcc-arm-none-eabi/bin/../lib/gcc/arm-none-eabi/9.2.1/thumb/v7-m/nofp/crtn.o
OUTPUT(build/Power_X.elf elf32-littlearm)

.debug_info     0x00000000     0xec4a
 .debug_info    0x00000000      0xf6c build/ina226.o
 .debug_info    0x00000f6c     0x12ae build/oled.o
 .debug_info    0x0000221a     0x146b build/main.o
 .debug_info    0x00003685      0x73d build/gpio.o
 .debug_info    0x00003dc2      0x94a build/stm32f1xx_it.o
 .debug_info    0x0000470c      0x358 build/stm32f1xx_hal_msp.o
 .debug_info    0x00004a64     0x3ea5 build/stm32f1xx_hal_tim.o
 .debug_info    0x00008909     0x1c1a build/stm32f1xx_hal_tim_ex.o
 .debug_info    0x0000a523      0x8e4 build/stm32f1xx_hal.o
 .debug_info    0x0000ae07      0xb67 build/stm32f1xx_hal_rcc.o
 .debug_info    0x0000b96e      0x7d1 build/stm32f1xx_hal_gpio.o
 .debug_info    0x0000c13f      0xef7 build/stm32f1xx_hal_cortex.o
 .debug_info    0x0000d036      0x2f7 build/system_stm32f1xx.o
 .debug_info    0x0000d32d     0x18fb build/tim.o
 .debug_info    0x0000ec28       0x22 build/startup_stm32f103xb.o

.debug_abbrev   0x00000000     0x215a
 .debug_abbrev  0x00000000      0x29c build/ina226.o
 .debug_abbrev  0x0000029c      0x2a9 build/oled.o
 .debug_abbrev  0x00000545      0x2d0 build/main.o
 .debug_abbrev  0x00000815      0x1cb build/gpio.o
 .debug_abbrev  0x000009e0      0x1c1 build/stm32f1xx_it.o
 .debug_abbrev  0x00000ba1      0x154 build/stm32f1xx_hal_msp.o
 .debug_abbrev  0x00000cf5      0x2c3 build/stm32f1xx_hal_tim.o
 .debug_abbrev  0x00000fb8      0x2ab build/stm32f1xx_hal_tim_ex.o
 .debug_abbrev  0x00001263      0x21c build/stm32f1xx_hal.o
 .debug_abbrev  0x0000147f      0x2ad build/stm32f1xx_hal_rcc.o
 .debug_abbrev  0x0000172c      0x24f build/stm32f1xx_hal_gpio.o
 .debug_abbrev  0x0000197b      0x37f build/stm32f1xx_hal_cortex.o
 .debug_abbrev  0x00001cfa      0x153 build/system_stm32f1xx.o
 .debug_abbrev  0x00001e4d      0x2fb build/tim.o
 .debug_abbrev  0x00002148       0x12 build/startup_stm32f103xb.o

.debug_loc      0x00000000     0xa2ef
 .debug_loc     0x00000000      0x884 build/ina226.o
 .debug_loc     0x00000884      0xc5b build/oled.o
 .debug_loc     0x000014df       0x66 build/main.o
 .debug_loc     0x00001545       0x9a build/gpio.o
 .debug_loc     0x000015df       0xa0 build/stm32f1xx_it.o
 .debug_loc     0x0000167f       0x4d build/stm32f1xx_hal_msp.o
 .debug_loc     0x000016cc     0x5314 build/stm32f1xx_hal_tim.o
 .debug_loc     0x000069e0     0x1f01 build/stm32f1xx_hal_tim_ex.o
 .debug_loc     0x000088e1      0x1e1 build/stm32f1xx_hal.o
 .debug_loc     0x00008ac2      0x7c0 build/stm32f1xx_hal_rcc.o
 .debug_loc     0x00009282      0x548 build/stm32f1xx_hal_gpio.o
 .debug_loc     0x000097ca      0x7af build/stm32f1xx_hal_cortex.o
 .debug_loc     0x00009f79       0xff build/system_stm32f1xx.o
 .debug_loc     0x0000a078      0x277 build/tim.o

.debug_aranges  0x00000000      0xac8
 .debug_aranges
                0x00000000       0xe0 build/ina226.o
 .debug_aranges
                0x000000e0       0xc8 build/oled.o
 .debug_aranges
                0x000001a8       0x30 build/main.o
 .debug_aranges
                0x000001d8       0x28 build/gpio.o
 .debug_aranges
                0x00000200       0x80 build/stm32f1xx_it.o
 .debug_aranges
                0x00000280       0x20 build/stm32f1xx_hal_msp.o
 .debug_aranges
                0x000002a0      0x3d0 build/stm32f1xx_hal_tim.o
 .debug_aranges
                0x00000670      0x168 build/stm32f1xx_hal_tim_ex.o
 .debug_aranges
                0x000007d8       0xe0 build/stm32f1xx_hal.o
 .debug_aranges
                0x000008b8       0x90 build/stm32f1xx_hal_rcc.o
 .debug_aranges
                0x00000948       0x58 build/stm32f1xx_hal_gpio.o
 .debug_aranges
                0x000009a0       0x90 build/stm32f1xx_hal_cortex.o
 .debug_aranges
                0x00000a30       0x28 build/system_stm32f1xx.o
 .debug_aranges
                0x00000a58       0x48 build/tim.o
 .debug_aranges
                0x00000aa0       0x28 build/startup_stm32f103xb.o

.debug_ranges   0x00000000      0xa60
 .debug_ranges  0x00000000       0xd0 build/ina226.o
 .debug_ranges  0x000000d0       0xb8 build/oled.o
 .debug_ranges  0x00000188       0x20 build/main.o
 .debug_ranges  0x000001a8       0x18 build/gpio.o
 .debug_ranges  0x000001c0       0x70 build/stm32f1xx_it.o
 .debug_ranges  0x00000230       0x10 build/stm32f1xx_hal_msp.o
 .debug_ranges  0x00000240      0x3c0 build/stm32f1xx_hal_tim.o
 .debug_ranges  0x00000600      0x158 build/stm32f1xx_hal_tim_ex.o
 .debug_ranges  0x00000758       0xd0 build/stm32f1xx_hal.o
 .debug_ranges  0x00000828       0xa0 build/stm32f1xx_hal_rcc.o
 .debug_ranges  0x000008c8       0x48 build/stm32f1xx_hal_gpio.o
 .debug_ranges  0x00000910       0xe0 build/stm32f1xx_hal_cortex.o
 .debug_ranges  0x000009f0       0x18 build/system_stm32f1xx.o
 .debug_ranges  0x00000a08       0x38 build/tim.o
 .debug_ranges  0x00000a40       0x20 build/startup_stm32f103xb.o

.debug_line     0x00000000     0xa4e2
 .debug_line    0x00000000      0x728 build/ina226.o
 .debug_line    0x00000728      0x97c build/oled.o
 .debug_line    0x000010a4      0x3ba build/main.o
 .debug_line    0x0000145e      0x2b9 build/gpio.o
 .debug_line    0x00001717      0x366 build/stm32f1xx_it.o
 .debug_line    0x00001a7d      0x1e4 build/stm32f1xx_hal_msp.o
 .debug_line    0x00001c61     0x469d build/stm32f1xx_hal_tim.o
 .debug_line    0x000062fe     0x1c8c build/stm32f1xx_hal_tim_ex.o
 .debug_line    0x00007f8a      0x50c build/stm32f1xx_hal.o
 .debug_line    0x00008496      0xc29 build/stm32f1xx_hal_rcc.o
 .debug_line    0x000090bf      0x60e build/stm32f1xx_hal_gpio.o
 .debug_line    0x000096cd      0x662 build/stm32f1xx_hal_cortex.o
 .debug_line    0x00009d2f      0x27c build/system_stm32f1xx.o
 .debug_line    0x00009fab      0x4c5 build/tim.o
 .debug_line    0x0000a470       0x72 build/startup_stm32f103xb.o

.debug_str      0x00000000     0x3397
 .debug_str     0x00000000      0x459 build/ina226.o
                                0x503 (size before relaxing)
 .debug_str     0x00000459      0x159 build/oled.o
                                0x447 (size before relaxing)
 .debug_str     0x000005b2      0xa02 build/main.o
                                0xcfc (size before relaxing)
 .debug_str     0x00000fb4      0x3ad build/gpio.o
                                0x693 (size before relaxing)
 .debug_str     0x00001361      0x126 build/stm32f1xx_it.o
                                0x83a (size before relaxing)
 .debug_str     0x00001487       0x74 build/stm32f1xx_hal_msp.o
                                0x300 (size before relaxing)
 .debug_str     0x000014fb      0xf27 build/stm32f1xx_hal_tim.o
                               0x16fc (size before relaxing)
 .debug_str     0x00002422      0x5ba build/stm32f1xx_hal_tim_ex.o
                                0xf26 (size before relaxing)
 .debug_str     0x000029dc      0x251 build/stm32f1xx_hal.o
                                0x857 (size before relaxing)
 .debug_str     0x00002c2d      0x1e2 build/stm32f1xx_hal_rcc.o
                                0x6a6 (size before relaxing)
 .debug_str     0x00002e0f       0xd8 build/stm32f1xx_hal_gpio.o
                                0x4c4 (size before relaxing)
 .debug_str     0x00002ee7      0x3a5 build/stm32f1xx_hal_cortex.o
                                0x973 (size before relaxing)
 .debug_str     0x0000328c       0x4f build/system_stm32f1xx.o
                                0x2da (size before relaxing)
 .debug_str     0x000032db       0x98 build/tim.o
                               0x10ee (size before relaxing)
 .debug_str     0x00003373       0x24 build/startup_stm32f103xb.o
                                 0x37 (size before relaxing)

.comment        0x00000000       0x79
 .comment       0x00000000       0x79 build/ina226.o
                                 0x7a (size before relaxing)
 .comment       0x00000079       0x7a build/oled.o
 .comment       0x00000079       0x7a build/main.o
 .comment       0x00000079       0x7a build/gpio.o
 .comment       0x00000079       0x7a build/stm32f1xx_it.o
 .comment       0x00000079       0x7a build/stm32f1xx_hal_msp.o
 .comment       0x00000079       0x7a build/stm32f1xx_hal_tim.o
 .comment       0x00000079       0x7a build/stm32f1xx_hal_tim_ex.o
 .comment       0x00000079       0x7a build/stm32f1xx_hal.o
 .comment       0x00000079       0x7a build/stm32f1xx_hal_rcc.o
 .comment       0x00000079       0x7a build/stm32f1xx_hal_gpio.o
 .comment       0x00000079       0x7a build/stm32f1xx_hal_cortex.o
 .comment       0x00000079       0x7a build/system_stm32f1xx.o
 .comment       0x00000079       0x7a build/tim.o

.debug_frame    0x00000000     0x2468
 .debug_frame   0x00000000      0x2d0 build/ina226.o
 .debug_frame   0x000002d0      0x2b8 build/oled.o
 .debug_frame   0x00000588       0x5c build/main.o
 .debug_frame   0x000005e4       0x54 build/gpio.o
 .debug_frame   0x00000638      0x11c build/stm32f1xx_it.o
 .debug_frame   0x00000754       0x2c build/stm32f1xx_hal_msp.o
 .debug_frame   0x00000780      0xc80 build/stm32f1xx_hal_tim.o
 .debug_frame   0x00001400      0x498 build/stm32f1xx_hal_tim_ex.o
 .debug_frame   0x00001898      0x1e0 build/stm32f1xx_hal.o
 .debug_frame   0x00001a78      0x1c0 build/stm32f1xx_hal_rcc.o
 .debug_frame   0x00001c38      0x104 build/stm32f1xx_hal_gpio.o
 .debug_frame   0x00001d3c      0x13c build/stm32f1xx_hal_cortex.o
 .debug_frame   0x00001e78       0x30 build/system_stm32f1xx.o
 .debug_frame   0x00001ea8       0xcc build/tim.o
 .debug_frame   0x00001f74       0x2c c:/users/cheng/.iotlink/tools/gcc-arm-none-eabi/bin/../lib/gcc/arm-none-eabi/9.2.1/../../../../arm-none-eabi/lib/thumb/v7-m/nofp\libc_nano.a(lib_a-init.o)
 .debug_frame   0x00001fa0       0x6c c:/users/cheng/.iotlink/tools/gcc-arm-none-eabi/bin/../lib/gcc/arm-none-eabi/9.2.1/../../../../arm-none-eabi/lib/thumb/v7-m/nofp\libc_nano.a(lib_a-sprintf.o)
 .debug_frame   0x0000200c       0x90 c:/users/cheng/.iotlink/tools/gcc-arm-none-eabi/bin/../lib/gcc/arm-none-eabi/9.2.1/../../../../arm-none-eabi/lib/thumb/v7-m/nofp\libc_nano.a(lib_a-nano-svfprintf.o)
 .debug_frame   0x0000209c       0x60 c:/users/cheng/.iotlink/tools/gcc-arm-none-eabi/bin/../lib/gcc/arm-none-eabi/9.2.1/../../../../arm-none-eabi/lib/thumb/v7-m/nofp\libc_nano.a(lib_a-nano-vfprintf_i.o)
 .debug_frame   0x000020fc       0x28 c:/users/cheng/.iotlink/tools/gcc-arm-none-eabi/bin/../lib/gcc/arm-none-eabi/9.2.1/../../../../arm-none-eabi/lib/thumb/v7-m/nofp\libc_nano.a(lib_a-memchr-stub.o)
 .debug_frame   0x00002124       0x28 c:/users/cheng/.iotlink/tools/gcc-arm-none-eabi/bin/../lib/gcc/arm-none-eabi/9.2.1/../../../../arm-none-eabi/lib/thumb/v7-m/nofp\libc_nano.a(lib_a-memcpy-stub.o)
 .debug_frame   0x0000214c       0x28 c:/users/cheng/.iotlink/tools/gcc-arm-none-eabi/bin/../lib/gcc/arm-none-eabi/9.2.1/../../../../arm-none-eabi/lib/thumb/v7-m/nofp\libc_nano.a(lib_a-memmove.o)
 .debug_frame   0x00002174       0x38 c:/users/cheng/.iotlink/tools/gcc-arm-none-eabi/bin/../lib/gcc/arm-none-eabi/9.2.1/../../../../arm-none-eabi/lib/thumb/v7-m/nofp\libc_nano.a(lib_a-nano-freer.o)
 .debug_frame   0x000021ac       0x30 c:/users/cheng/.iotlink/tools/gcc-arm-none-eabi/bin/../lib/gcc/arm-none-eabi/9.2.1/../../../../arm-none-eabi/lib/thumb/v7-m/nofp\libc_nano.a(lib_a-nano-mallocr.o)
 .debug_frame   0x000021dc       0x3c c:/users/cheng/.iotlink/tools/gcc-arm-none-eabi/bin/../lib/gcc/arm-none-eabi/9.2.1/../../../../arm-none-eabi/lib/thumb/v7-m/nofp\libc_nano.a(lib_a-nano-reallocr.o)
 .debug_frame   0x00002218       0x2c c:/users/cheng/.iotlink/tools/gcc-arm-none-eabi/bin/../lib/gcc/arm-none-eabi/9.2.1/../../../../arm-none-eabi/lib/thumb/v7-m/nofp\libc_nano.a(lib_a-sbrkr.o)
 .debug_frame   0x00002244       0x30 c:/users/cheng/.iotlink/tools/gcc-arm-none-eabi/bin/../lib/gcc/arm-none-eabi/9.2.1/../../../../arm-none-eabi/lib/thumb/v7-m/nofp\libc_nano.a(lib_a-mlock.o)
 .debug_frame   0x00002274       0x20 c:/users/cheng/.iotlink/tools/gcc-arm-none-eabi/bin/../lib/gcc/arm-none-eabi/9.2.1/../../../../arm-none-eabi/lib/thumb/v7-m/nofp\libc_nano.a(lib_a-nano-msizer.o)
 .debug_frame   0x00002294       0x5c c:/users/cheng/.iotlink/tools/gcc-arm-none-eabi/bin/../lib/gcc/arm-none-eabi/9.2.1/../../../../arm-none-eabi/lib/thumb/v7-m/nofp\libc_nano.a(lib_a-reent.o)
 .debug_frame   0x000022f0       0xb0 c:/users/cheng/.iotlink/tools/gcc-arm-none-eabi/bin/../lib/gcc/arm-none-eabi/9.2.1/../../../../arm-none-eabi/lib/thumb/v7-m/nofp\libc_nano.a(lib_a-lock.o)
 .debug_frame   0x000023a0       0x20 c:/users/cheng/.iotlink/tools/gcc-arm-none-eabi/bin/../lib/gcc/arm-none-eabi/9.2.1/../../../../arm-none-eabi/lib/thumb/v7-m/nofp\libnosys.a(sbrk.o)
 .debug_frame   0x000023c0       0x4c c:/users/cheng/.iotlink/tools/gcc-arm-none-eabi/bin/../lib/gcc/arm-none-eabi/9.2.1/thumb/v7-m/nofp\libgcc.a(_arm_addsubsf3.o)
 .debug_frame   0x0000240c       0x38 c:/users/cheng/.iotlink/tools/gcc-arm-none-eabi/bin/../lib/gcc/arm-none-eabi/9.2.1/thumb/v7-m/nofp\libgcc.a(_arm_muldivsf3.o)
 .debug_frame   0x00002444       0x24 c:/users/cheng/.iotlink/tools/gcc-arm-none-eabi/bin/../lib/gcc/arm-none-eabi/9.2.1/thumb/v7-m/nofp\libgcc.a(_arm_fixunssfsi.o)

Cross Reference Table

Symbol                                            File
ADC1_2_IRQHandler                                 build/startup_stm32f103xb.o
AHBPrescTable                                     build/system_stm32f1xx.o
                                                  build/stm32f1xx_hal_rcc.o
APBPrescTable                                     build/system_stm32f1xx.o
                                                  build/stm32f1xx_hal_rcc.o
BMP1                                              build/tim.o
BusFault_Handler                                  build/stm32f1xx_it.o
CAN1_RX1_IRQHandler                               build/startup_stm32f103xb.o
CAN1_SCE_IRQHandler                               build/startup_stm32f103xb.o
DMA1_Channel1_IRQHandler                          build/startup_stm32f103xb.o
DMA1_Channel2_IRQHandler                          build/startup_stm32f103xb.o
DMA1_Channel3_IRQHandler                          build/startup_stm32f103xb.o
DMA1_Channel4_IRQHandler                          build/startup_stm32f103xb.o
DMA1_Channel5_IRQHandler                          build/startup_stm32f103xb.o
DMA1_Channel6_IRQHandler                          build/startup_stm32f103xb.o
DMA1_Channel7_IRQHandler                          build/startup_stm32f103xb.o
Data_Refresh_Task                                 build/tim.o
DebugMon_Handler                                  build/stm32f1xx_it.o
Default_Handler                                   build/startup_stm32f103xb.o
Delay_1ms                                         build/oled.o
Delay_50ms                                        build/oled.o
EXTI0_IRQHandler                                  build/startup_stm32f103xb.o
EXTI15_10_IRQHandler                              build/startup_stm32f103xb.o
EXTI1_IRQHandler                                  build/stm32f1xx_it.o
EXTI2_IRQHandler                                  build/stm32f1xx_it.o
EXTI3_IRQHandler                                  build/stm32f1xx_it.o
EXTI4_IRQHandler                                  build/startup_stm32f103xb.o
EXTI9_5_IRQHandler                                build/startup_stm32f103xb.o
Error_Handler                                     build/main.o
                                                  build/tim.o
F6x8                                              build/oled.o
F8X16                                             build/oled.o
FLASH_IRQHandler                                  build/startup_stm32f103xb.o
FLASH_PageErase                                   build/stm32f1xx_hal_flash_ex.o
                                                  build/stm32f1xx_hal_flash.o
FLASH_WaitForLastOperation                        build/stm32f1xx_hal_flash.o
                                                  build/stm32f1xx_hal_flash_ex.o
Flag_KEY1                                         build/gpio.o
Flag_KEY2                                         build/gpio.o
Flag_KEY3                                         build/gpio.o
GetVoltage                                        build/ina226.o
Get_Power                                         build/ina226.o
Get_Shunt_Current                                 build/ina226.o
Get_Shunt_voltage                                 build/ina226.o
HAL_DBGMCU_DisableDBGSleepMode                    build/stm32f1xx_hal.o
HAL_DBGMCU_DisableDBGStandbyMode                  build/stm32f1xx_hal.o
HAL_DBGMCU_DisableDBGStopMode                     build/stm32f1xx_hal.o
HAL_DBGMCU_EnableDBGSleepMode                     build/stm32f1xx_hal.o
HAL_DBGMCU_EnableDBGStandbyMode                   build/stm32f1xx_hal.o
HAL_DBGMCU_EnableDBGStopMode                      build/stm32f1xx_hal.o
HAL_DMA_Abort                                     build/stm32f1xx_hal_dma.o
HAL_DMA_Abort_IT                                  build/stm32f1xx_hal_dma.o
                                                  build/stm32f1xx_hal_tim_ex.o
                                                  build/stm32f1xx_hal_tim.o
HAL_DMA_DeInit                                    build/stm32f1xx_hal_dma.o
HAL_DMA_GetError                                  build/stm32f1xx_hal_dma.o
HAL_DMA_GetState                                  build/stm32f1xx_hal_dma.o
HAL_DMA_IRQHandler                                build/stm32f1xx_hal_dma.o
HAL_DMA_Init                                      build/stm32f1xx_hal_dma.o
HAL_DMA_PollForTransfer                           build/stm32f1xx_hal_dma.o
HAL_DMA_RegisterCallback                          build/stm32f1xx_hal_dma.o
HAL_DMA_Start                                     build/stm32f1xx_hal_dma.o
HAL_DMA_Start_IT                                  build/stm32f1xx_hal_dma.o
                                                  build/stm32f1xx_hal_tim_ex.o
                                                  build/stm32f1xx_hal_tim.o
HAL_DMA_UnRegisterCallback                        build/stm32f1xx_hal_dma.o
HAL_DeInit                                        build/stm32f1xx_hal.o
HAL_Delay                                         build/stm32f1xx_hal.o
                                                  build/oled.o
HAL_EXTI_ClearConfigLine                          build/stm32f1xx_hal_exti.o
HAL_EXTI_ClearPending                             build/stm32f1xx_hal_exti.o
HAL_EXTI_GenerateSWI                              build/stm32f1xx_hal_exti.o
HAL_EXTI_GetConfigLine                            build/stm32f1xx_hal_exti.o
HAL_EXTI_GetHandle                                build/stm32f1xx_hal_exti.o
HAL_EXTI_GetPending                               build/stm32f1xx_hal_exti.o
HAL_EXTI_IRQHandler                               build/stm32f1xx_hal_exti.o
HAL_EXTI_RegisterCallback                         build/stm32f1xx_hal_exti.o
HAL_EXTI_SetConfigLine                            build/stm32f1xx_hal_exti.o
HAL_FLASHEx_Erase                                 build/stm32f1xx_hal_flash_ex.o
HAL_FLASHEx_Erase_IT                              build/stm32f1xx_hal_flash_ex.o
HAL_FLASHEx_OBErase                               build/stm32f1xx_hal_flash_ex.o
HAL_FLASHEx_OBGetConfig                           build/stm32f1xx_hal_flash_ex.o
HAL_FLASHEx_OBGetUserData                         build/stm32f1xx_hal_flash_ex.o
HAL_FLASHEx_OBProgram                             build/stm32f1xx_hal_flash_ex.o
HAL_FLASH_EndOfOperationCallback                  build/stm32f1xx_hal_flash.o
HAL_FLASH_GetError                                build/stm32f1xx_hal_flash.o
HAL_FLASH_IRQHandler                              build/stm32f1xx_hal_flash.o
HAL_FLASH_Lock                                    build/stm32f1xx_hal_flash.o
HAL_FLASH_OB_Launch                               build/stm32f1xx_hal_flash.o
HAL_FLASH_OB_Lock                                 build/stm32f1xx_hal_flash.o
HAL_FLASH_OB_Unlock                               build/stm32f1xx_hal_flash.o
HAL_FLASH_OperationErrorCallback                  build/stm32f1xx_hal_flash.o
HAL_FLASH_Program                                 build/stm32f1xx_hal_flash.o
HAL_FLASH_Program_IT                              build/stm32f1xx_hal_flash.o
HAL_FLASH_Unlock                                  build/stm32f1xx_hal_flash.o
HAL_GPIOEx_ConfigEventout                         build/stm32f1xx_hal_gpio_ex.o
HAL_GPIOEx_DisableEventout                        build/stm32f1xx_hal_gpio_ex.o
HAL_GPIOEx_EnableEventout                         build/stm32f1xx_hal_gpio_ex.o
HAL_GPIO_DeInit                                   build/stm32f1xx_hal_gpio.o
HAL_GPIO_EXTI_Callback                            build/gpio.o
HAL_GPIO_EXTI_IRQHandler                          build/stm32f1xx_hal_gpio.o
                                                  build/stm32f1xx_it.o
HAL_GPIO_Init                                     build/stm32f1xx_hal_gpio.o
                                                  build/stm32f1xx_hal_rcc.o
                                                  build/gpio.o
HAL_GPIO_LockPin                                  build/stm32f1xx_hal_gpio.o
HAL_GPIO_ReadPin                                  build/stm32f1xx_hal_gpio.o
                                                  build/gpio.o
                                                  build/ina226.o
HAL_GPIO_TogglePin                                build/stm32f1xx_hal_gpio.o
HAL_GPIO_WritePin                                 build/stm32f1xx_hal_gpio.o
                                                  build/gpio.o
                                                  build/oled.o
                                                  build/ina226.o
HAL_GetDEVID                                      build/stm32f1xx_hal.o
HAL_GetHalVersion                                 build/stm32f1xx_hal.o
HAL_GetREVID                                      build/stm32f1xx_hal.o
HAL_GetTick                                       build/stm32f1xx_hal.o
                                                  build/stm32f1xx_hal_flash.o
                                                  build/stm32f1xx_hal_dma.o
                                                  build/stm32f1xx_hal_rcc_ex.o
                                                  build/stm32f1xx_hal_rcc.o
HAL_GetTickFreq                                   build/stm32f1xx_hal.o
HAL_GetTickPrio                                   build/stm32f1xx_hal.o
HAL_GetUIDw0                                      build/stm32f1xx_hal.o
HAL_GetUIDw1                                      build/stm32f1xx_hal.o
HAL_GetUIDw2                                      build/stm32f1xx_hal.o
HAL_IncTick                                       build/stm32f1xx_hal.o
                                                  build/stm32f1xx_it.o
HAL_Init                                          build/stm32f1xx_hal.o
                                                  build/main.o
HAL_InitTick                                      build/stm32f1xx_hal.o
                                                  build/stm32f1xx_hal_rcc.o
HAL_MspDeInit                                     build/stm32f1xx_hal.o
HAL_MspInit                                       build/stm32f1xx_hal_msp.o
HAL_NVIC_ClearPendingIRQ                          build/stm32f1xx_hal_cortex.o
HAL_NVIC_DisableIRQ                               build/stm32f1xx_hal_cortex.o
                                                  build/tim.o
HAL_NVIC_EnableIRQ                                build/stm32f1xx_hal_cortex.o
                                                  build/tim.o
                                                  build/gpio.o
HAL_NVIC_GetActive                                build/stm32f1xx_hal_cortex.o
HAL_NVIC_GetPendingIRQ                            build/stm32f1xx_hal_cortex.o
HAL_NVIC_GetPriority                              build/stm32f1xx_hal_cortex.o
HAL_NVIC_GetPriorityGrouping                      build/stm32f1xx_hal_cortex.o
HAL_NVIC_SetPendingIRQ                            build/stm32f1xx_hal_cortex.o
HAL_NVIC_SetPriority                              build/stm32f1xx_hal_cortex.o
                                                  build/tim.o
                                                  build/stm32f1xx_hal.o
                                                  build/gpio.o
HAL_NVIC_SetPriorityGrouping                      build/stm32f1xx_hal_cortex.o
                                                  build/stm32f1xx_hal.o
                                                  build/stm32f1xx_hal_msp.o
HAL_NVIC_SystemReset                              build/stm32f1xx_hal_cortex.o
                                                  build/stm32f1xx_hal_flash.o
HAL_PWR_ConfigPVD                                 build/stm32f1xx_hal_pwr.o
HAL_PWR_DeInit                                    build/stm32f1xx_hal_pwr.o
HAL_PWR_DisableBkUpAccess                         build/stm32f1xx_hal_pwr.o
HAL_PWR_DisablePVD                                build/stm32f1xx_hal_pwr.o
HAL_PWR_DisableSEVOnPend                          build/stm32f1xx_hal_pwr.o
HAL_PWR_DisableSleepOnExit                        build/stm32f1xx_hal_pwr.o
HAL_PWR_DisableWakeUpPin                          build/stm32f1xx_hal_pwr.o
HAL_PWR_EnableBkUpAccess                          build/stm32f1xx_hal_pwr.o
HAL_PWR_EnablePVD                                 build/stm32f1xx_hal_pwr.o
HAL_PWR_EnableSEVOnPend                           build/stm32f1xx_hal_pwr.o
HAL_PWR_EnableSleepOnExit                         build/stm32f1xx_hal_pwr.o
HAL_PWR_EnableWakeUpPin                           build/stm32f1xx_hal_pwr.o
HAL_PWR_EnterSLEEPMode                            build/stm32f1xx_hal_pwr.o
HAL_PWR_EnterSTANDBYMode                          build/stm32f1xx_hal_pwr.o
HAL_PWR_EnterSTOPMode                             build/stm32f1xx_hal_pwr.o
HAL_PWR_PVDCallback                               build/stm32f1xx_hal_pwr.o
HAL_PWR_PVD_IRQHandler                            build/stm32f1xx_hal_pwr.o
HAL_RCCEx_GetPeriphCLKConfig                      build/stm32f1xx_hal_rcc_ex.o
HAL_RCCEx_GetPeriphCLKFreq                        build/stm32f1xx_hal_rcc_ex.o
HAL_RCCEx_PeriphCLKConfig                         build/stm32f1xx_hal_rcc_ex.o
HAL_RCC_CSSCallback                               build/stm32f1xx_hal_rcc.o
HAL_RCC_ClockConfig                               build/stm32f1xx_hal_rcc.o
                                                  build/main.o
HAL_RCC_DeInit                                    build/stm32f1xx_hal_rcc.o
HAL_RCC_DisableCSS                                build/stm32f1xx_hal_rcc.o
HAL_RCC_EnableCSS                                 build/stm32f1xx_hal_rcc.o
HAL_RCC_GetClockConfig                            build/stm32f1xx_hal_rcc.o
HAL_RCC_GetHCLKFreq                               build/stm32f1xx_hal_rcc.o
HAL_RCC_GetOscConfig                              build/stm32f1xx_hal_rcc.o
HAL_RCC_GetPCLK1Freq                              build/stm32f1xx_hal_rcc.o
HAL_RCC_GetPCLK2Freq                              build/stm32f1xx_hal_rcc.o
                                                  build/stm32f1xx_hal_rcc_ex.o
HAL_RCC_GetSysClockFreq                           build/stm32f1xx_hal_rcc.o
HAL_RCC_MCOConfig                                 build/stm32f1xx_hal_rcc.o
HAL_RCC_NMI_IRQHandler                            build/stm32f1xx_hal_rcc.o
HAL_RCC_OscConfig                                 build/stm32f1xx_hal_rcc.o
                                                  build/main.o
HAL_ResumeTick                                    build/stm32f1xx_hal.o
HAL_SYSTICK_CLKSourceConfig                       build/stm32f1xx_hal_cortex.o
HAL_SYSTICK_Callback                              build/stm32f1xx_hal_cortex.o
HAL_SYSTICK_Config                                build/stm32f1xx_hal_cortex.o
                                                  build/stm32f1xx_hal.o
HAL_SYSTICK_IRQHandler                            build/stm32f1xx_hal_cortex.o
HAL_SetTickFreq                                   build/stm32f1xx_hal.o
HAL_SuspendTick                                   build/stm32f1xx_hal.o
HAL_TIMEx_BreakCallback                           build/stm32f1xx_hal_tim_ex.o
                                                  build/stm32f1xx_hal_tim.o
HAL_TIMEx_CommutCallback                          build/stm32f1xx_hal_tim_ex.o
                                                  build/stm32f1xx_hal_tim.o
HAL_TIMEx_CommutHalfCpltCallback                  build/stm32f1xx_hal_tim_ex.o
HAL_TIMEx_ConfigBreakDeadTime                     build/stm32f1xx_hal_tim_ex.o
HAL_TIMEx_ConfigCommutEvent                       build/stm32f1xx_hal_tim_ex.o
HAL_TIMEx_ConfigCommutEvent_DMA                   build/stm32f1xx_hal_tim_ex.o
HAL_TIMEx_ConfigCommutEvent_IT                    build/stm32f1xx_hal_tim_ex.o
HAL_TIMEx_GetChannelNState                        build/stm32f1xx_hal_tim_ex.o
HAL_TIMEx_HallSensor_DeInit                       build/stm32f1xx_hal_tim_ex.o
HAL_TIMEx_HallSensor_GetState                     build/stm32f1xx_hal_tim_ex.o
HAL_TIMEx_HallSensor_Init                         build/stm32f1xx_hal_tim_ex.o
HAL_TIMEx_HallSensor_MspDeInit                    build/stm32f1xx_hal_tim_ex.o
HAL_TIMEx_HallSensor_MspInit                      build/stm32f1xx_hal_tim_ex.o
HAL_TIMEx_HallSensor_Start                        build/stm32f1xx_hal_tim_ex.o
HAL_TIMEx_HallSensor_Start_DMA                    build/stm32f1xx_hal_tim_ex.o
HAL_TIMEx_HallSensor_Start_IT                     build/stm32f1xx_hal_tim_ex.o
HAL_TIMEx_HallSensor_Stop                         build/stm32f1xx_hal_tim_ex.o
HAL_TIMEx_HallSensor_Stop_DMA                     build/stm32f1xx_hal_tim_ex.o
HAL_TIMEx_HallSensor_Stop_IT                      build/stm32f1xx_hal_tim_ex.o
HAL_TIMEx_MasterConfigSynchronization             build/stm32f1xx_hal_tim_ex.o
                                                  build/tim.o
HAL_TIMEx_OCN_Start                               build/stm32f1xx_hal_tim_ex.o
HAL_TIMEx_OCN_Start_DMA                           build/stm32f1xx_hal_tim_ex.o
HAL_TIMEx_OCN_Start_IT                            build/stm32f1xx_hal_tim_ex.o
HAL_TIMEx_OCN_Stop                                build/stm32f1xx_hal_tim_ex.o
HAL_TIMEx_OCN_Stop_DMA                            build/stm32f1xx_hal_tim_ex.o
HAL_TIMEx_OCN_Stop_IT                             build/stm32f1xx_hal_tim_ex.o
HAL_TIMEx_OnePulseN_Start                         build/stm32f1xx_hal_tim_ex.o
HAL_TIMEx_OnePulseN_Start_IT                      build/stm32f1xx_hal_tim_ex.o
HAL_TIMEx_OnePulseN_Stop                          build/stm32f1xx_hal_tim_ex.o
HAL_TIMEx_OnePulseN_Stop_IT                       build/stm32f1xx_hal_tim_ex.o
HAL_TIMEx_PWMN_Start                              build/stm32f1xx_hal_tim_ex.o
HAL_TIMEx_PWMN_Start_DMA                          build/stm32f1xx_hal_tim_ex.o
HAL_TIMEx_PWMN_Start_IT                           build/stm32f1xx_hal_tim_ex.o
HAL_TIMEx_PWMN_Stop                               build/stm32f1xx_hal_tim_ex.o
HAL_TIMEx_PWMN_Stop_DMA                           build/stm32f1xx_hal_tim_ex.o
HAL_TIMEx_PWMN_Stop_IT                            build/stm32f1xx_hal_tim_ex.o
HAL_TIMEx_RemapConfig                             build/stm32f1xx_hal_tim_ex.o
HAL_TIM_Base_DeInit                               build/stm32f1xx_hal_tim.o
HAL_TIM_Base_GetState                             build/stm32f1xx_hal_tim.o
HAL_TIM_Base_Init                                 build/stm32f1xx_hal_tim.o
                                                  build/tim.o
HAL_TIM_Base_MspDeInit                            build/tim.o
                                                  build/stm32f1xx_hal_tim.o
HAL_TIM_Base_MspInit                              build/tim.o
                                                  build/stm32f1xx_hal_tim.o
HAL_TIM_Base_Start                                build/stm32f1xx_hal_tim.o
HAL_TIM_Base_Start_DMA                            build/stm32f1xx_hal_tim.o
HAL_TIM_Base_Start_IT                             build/stm32f1xx_hal_tim.o
                                                  build/main.o
HAL_TIM_Base_Stop                                 build/stm32f1xx_hal_tim.o
HAL_TIM_Base_Stop_DMA                             build/stm32f1xx_hal_tim.o
HAL_TIM_Base_Stop_IT                              build/stm32f1xx_hal_tim.o
HAL_TIM_ConfigClockSource                         build/stm32f1xx_hal_tim.o
                                                  build/tim.o
HAL_TIM_ConfigOCrefClear                          build/stm32f1xx_hal_tim.o
HAL_TIM_ConfigTI1Input                            build/stm32f1xx_hal_tim.o
HAL_TIM_DMABurstState                             build/stm32f1xx_hal_tim.o
HAL_TIM_DMABurst_MultiReadStart                   build/stm32f1xx_hal_tim.o
HAL_TIM_DMABurst_MultiWriteStart                  build/stm32f1xx_hal_tim.o
HAL_TIM_DMABurst_ReadStart                        build/stm32f1xx_hal_tim.o
HAL_TIM_DMABurst_ReadStop                         build/stm32f1xx_hal_tim.o
HAL_TIM_DMABurst_WriteStart                       build/stm32f1xx_hal_tim.o
HAL_TIM_DMABurst_WriteStop                        build/stm32f1xx_hal_tim.o
HAL_TIM_Encoder_DeInit                            build/stm32f1xx_hal_tim.o
HAL_TIM_Encoder_GetState                          build/stm32f1xx_hal_tim.o
HAL_TIM_Encoder_Init                              build/stm32f1xx_hal_tim.o
HAL_TIM_Encoder_MspDeInit                         build/stm32f1xx_hal_tim.o
HAL_TIM_Encoder_MspInit                           build/stm32f1xx_hal_tim.o
HAL_TIM_Encoder_Start                             build/stm32f1xx_hal_tim.o
HAL_TIM_Encoder_Start_DMA                         build/stm32f1xx_hal_tim.o
HAL_TIM_Encoder_Start_IT                          build/stm32f1xx_hal_tim.o
HAL_TIM_Encoder_Stop                              build/stm32f1xx_hal_tim.o
HAL_TIM_Encoder_Stop_DMA                          build/stm32f1xx_hal_tim.o
HAL_TIM_Encoder_Stop_IT                           build/stm32f1xx_hal_tim.o
HAL_TIM_ErrorCallback                             build/stm32f1xx_hal_tim.o
                                                  build/stm32f1xx_hal_tim_ex.o
HAL_TIM_GenerateEvent                             build/stm32f1xx_hal_tim.o
HAL_TIM_GetActiveChannel                          build/stm32f1xx_hal_tim.o
HAL_TIM_GetChannelState                           build/stm32f1xx_hal_tim.o
HAL_TIM_IC_CaptureCallback                        build/stm32f1xx_hal_tim.o
HAL_TIM_IC_CaptureHalfCpltCallback                build/stm32f1xx_hal_tim.o
HAL_TIM_IC_ConfigChannel                          build/stm32f1xx_hal_tim.o
HAL_TIM_IC_DeInit                                 build/stm32f1xx_hal_tim.o
HAL_TIM_IC_GetState                               build/stm32f1xx_hal_tim.o
HAL_TIM_IC_Init                                   build/stm32f1xx_hal_tim.o
HAL_TIM_IC_MspDeInit                              build/stm32f1xx_hal_tim.o
HAL_TIM_IC_MspInit                                build/stm32f1xx_hal_tim.o
HAL_TIM_IC_Start                                  build/stm32f1xx_hal_tim.o
HAL_TIM_IC_Start_DMA                              build/stm32f1xx_hal_tim.o
HAL_TIM_IC_Start_IT                               build/stm32f1xx_hal_tim.o
HAL_TIM_IC_Stop                                   build/stm32f1xx_hal_tim.o
HAL_TIM_IC_Stop_DMA                               build/stm32f1xx_hal_tim.o
HAL_TIM_IC_Stop_IT                                build/stm32f1xx_hal_tim.o
HAL_TIM_IRQHandler                                build/stm32f1xx_hal_tim.o
                                                  build/stm32f1xx_it.o
HAL_TIM_OC_ConfigChannel                          build/stm32f1xx_hal_tim.o
HAL_TIM_OC_DeInit                                 build/stm32f1xx_hal_tim.o
HAL_TIM_OC_DelayElapsedCallback                   build/stm32f1xx_hal_tim.o
HAL_TIM_OC_GetState                               build/stm32f1xx_hal_tim.o
HAL_TIM_OC_Init                                   build/stm32f1xx_hal_tim.o
HAL_TIM_OC_MspDeInit                              build/stm32f1xx_hal_tim.o
HAL_TIM_OC_MspInit                                build/stm32f1xx_hal_tim.o
HAL_TIM_OC_Start                                  build/stm32f1xx_hal_tim.o
HAL_TIM_OC_Start_DMA                              build/stm32f1xx_hal_tim.o
HAL_TIM_OC_Start_IT                               build/stm32f1xx_hal_tim.o
HAL_TIM_OC_Stop                                   build/stm32f1xx_hal_tim.o
HAL_TIM_OC_Stop_DMA                               build/stm32f1xx_hal_tim.o
HAL_TIM_OC_Stop_IT                                build/stm32f1xx_hal_tim.o
HAL_TIM_OnePulse_ConfigChannel                    build/stm32f1xx_hal_tim.o
HAL_TIM_OnePulse_DeInit                           build/stm32f1xx_hal_tim.o
HAL_TIM_OnePulse_GetState                         build/stm32f1xx_hal_tim.o
HAL_TIM_OnePulse_Init                             build/stm32f1xx_hal_tim.o
HAL_TIM_OnePulse_MspDeInit                        build/stm32f1xx_hal_tim.o
HAL_TIM_OnePulse_MspInit                          build/stm32f1xx_hal_tim.o
HAL_TIM_OnePulse_Start                            build/stm32f1xx_hal_tim.o
HAL_TIM_OnePulse_Start_IT                         build/stm32f1xx_hal_tim.o
HAL_TIM_OnePulse_Stop                             build/stm32f1xx_hal_tim.o
HAL_TIM_OnePulse_Stop_IT                          build/stm32f1xx_hal_tim.o
HAL_TIM_PWM_ConfigChannel                         build/stm32f1xx_hal_tim.o
HAL_TIM_PWM_DeInit                                build/stm32f1xx_hal_tim.o
HAL_TIM_PWM_GetState                              build/stm32f1xx_hal_tim.o
HAL_TIM_PWM_Init                                  build/stm32f1xx_hal_tim.o
HAL_TIM_PWM_MspDeInit                             build/stm32f1xx_hal_tim.o
HAL_TIM_PWM_MspInit                               build/stm32f1xx_hal_tim.o
HAL_TIM_PWM_PulseFinishedCallback                 build/stm32f1xx_hal_tim.o
                                                  build/stm32f1xx_hal_tim_ex.o
HAL_TIM_PWM_PulseFinishedHalfCpltCallback         build/stm32f1xx_hal_tim.o
HAL_TIM_PWM_Start                                 build/stm32f1xx_hal_tim.o
HAL_TIM_PWM_Start_DMA                             build/stm32f1xx_hal_tim.o
HAL_TIM_PWM_Start_IT                              build/stm32f1xx_hal_tim.o
HAL_TIM_PWM_Stop                                  build/stm32f1xx_hal_tim.o
HAL_TIM_PWM_Stop_DMA                              build/stm32f1xx_hal_tim.o
HAL_TIM_PWM_Stop_IT                               build/stm32f1xx_hal_tim.o
HAL_TIM_PeriodElapsedCallback                     build/tim.o
                                                  build/stm32f1xx_hal_tim.o
HAL_TIM_PeriodElapsedHalfCpltCallback             build/stm32f1xx_hal_tim.o
HAL_TIM_ReadCapturedValue                         build/stm32f1xx_hal_tim.o
HAL_TIM_SlaveConfigSynchro                        build/stm32f1xx_hal_tim.o
HAL_TIM_SlaveConfigSynchro_IT                     build/stm32f1xx_hal_tim.o
HAL_TIM_TriggerCallback                           build/stm32f1xx_hal_tim.o
HAL_TIM_TriggerHalfCpltCallback                   build/stm32f1xx_hal_tim.o
HardFault_Handler                                 build/stm32f1xx_it.o
Hzk                                               build/oled.o
I2C1_ER_IRQHandler                                build/startup_stm32f103xb.o
I2C1_EV_IRQHandler                                build/startup_stm32f103xb.o
I2C2_ER_IRQHandler                                build/startup_stm32f103xb.o
I2C2_EV_IRQHandler                                build/startup_stm32f103xb.o
IIC_Start                                         build/oled.o
IIC_Stop                                          build/oled.o
IIC_Wait_Ack                                      build/oled.o
INA226_GET_CAL_REG                                build/ina226.o
INA226_GetShuntVoltage                            build/ina226.o
INA226_GetShunt_Current                           build/ina226.o
INA226_GetVoltage                                 build/ina226.o
INA226_Get_ID                                     build/ina226.o
INA226_Get_Power                                  build/ina226.o
INA226_IIC_Ack                                    build/ina226.o
INA226_IIC_Init                                   build/ina226.o
INA226_IIC_NAck                                   build/ina226.o
INA226_IIC_Read_Byte                              build/ina226.o
INA226_IIC_Send_Byte                              build/ina226.o
INA226_IIC_Start                                  build/ina226.o
INA226_IIC_Stop                                   build/ina226.o
INA226_IIC_Wait_Ack                               build/ina226.o
INA226_ReadData                                   build/ina226.o
INA226_SendData                                   build/ina226.o
INA226_SetRegPointer                              build/ina226.o
INA226_data                                       build/ina226.o
                                                  build/tim.o
MX_GPIO_Init                                      build/gpio.o
                                                  build/main.o
MX_TIM1_Init                                      build/tim.o
                                                  build/main.o
MemManage_Handler                                 build/stm32f1xx_it.o
NMI_Handler                                       build/stm32f1xx_it.o
OLED_Clear                                        build/oled.o
                                                  build/main.o
OLED_Display_Off                                  build/oled.o
OLED_Display_On                                   build/oled.o
OLED_DrawBMP                                      build/oled.o
OLED_Init                                         build/oled.o
                                                  build/main.o
OLED_On                                           build/oled.o
OLED_Set_Pos                                      build/oled.o
OLED_ShowCHinese                                  build/oled.o
OLED_ShowChar                                     build/oled.o
OLED_ShowNum                                      build/oled.o
OLED_ShowString                                   build/oled.o
                                                  build/tim.o
OLED_WR_Byte                                      build/oled.o
Oled_Data_List                                    build/tim.o
PVD_IRQHandler                                    build/startup_stm32f103xb.o
PendSV_Handler                                    build/stm32f1xx_it.o
RCC_IRQHandler                                    build/startup_stm32f103xb.o
RTC_Alarm_IRQHandler                              build/startup_stm32f103xb.o
RTC_IRQHandler                                    build/startup_stm32f103xb.o
Reset_Handler                                     build/startup_stm32f103xb.o
SPI1_IRQHandler                                   build/startup_stm32f103xb.o
SPI2_IRQHandler                                   build/startup_stm32f103xb.o
SVC_Handler                                       build/stm32f1xx_it.o
SysTick_Handler                                   build/stm32f1xx_it.o
SystemClock_Config                                build/main.o
SystemCoreClock                                   build/system_stm32f1xx.o
                                                  build/stm32f1xx_hal_rcc.o
                                                  build/stm32f1xx_hal.o
SystemCoreClockUpdate                             build/system_stm32f1xx.o
SystemInit                                        build/system_stm32f1xx.o
                                                  build/startup_stm32f103xb.o
TAMPER_IRQHandler                                 build/startup_stm32f103xb.o
TIM1_BRK_IRQHandler                               build/startup_stm32f103xb.o
TIM1_CC_IRQHandler                                build/startup_stm32f103xb.o
TIM1_TRG_COM_IRQHandler                           build/startup_stm32f103xb.o
TIM1_UP_IRQHandler                                build/stm32f1xx_it.o
TIM2_IRQHandler                                   build/startup_stm32f103xb.o
TIM3_IRQHandler                                   build/startup_stm32f103xb.o
TIM4_IRQHandler                                   build/startup_stm32f103xb.o
TIMEx_DMACommutationCplt                          build/stm32f1xx_hal_tim_ex.o
                                                  build/stm32f1xx_hal_tim.o
TIMEx_DMACommutationHalfCplt                      build/stm32f1xx_hal_tim_ex.o
                                                  build/stm32f1xx_hal_tim.o
TIM_Base_SetConfig                                build/stm32f1xx_hal_tim.o
                                                  build/stm32f1xx_hal_tim_ex.o
TIM_CCxChannelCmd                                 build/stm32f1xx_hal_tim.o
                                                  build/stm32f1xx_hal_tim_ex.o
TIM_DMACaptureCplt                                build/stm32f1xx_hal_tim.o
                                                  build/stm32f1xx_hal_tim_ex.o
TIM_DMACaptureHalfCplt                            build/stm32f1xx_hal_tim.o
                                                  build/stm32f1xx_hal_tim_ex.o
TIM_DMADelayPulseHalfCplt                         build/stm32f1xx_hal_tim.o
                                                  build/stm32f1xx_hal_tim_ex.o
TIM_DMAError                                      build/stm32f1xx_hal_tim.o
                                                  build/stm32f1xx_hal_tim_ex.o
TIM_ETR_SetConfig                                 build/stm32f1xx_hal_tim.o
TIM_OC2_SetConfig                                 build/stm32f1xx_hal_tim.o
                                                  build/stm32f1xx_hal_tim_ex.o
TIM_TI1_SetConfig                                 build/stm32f1xx_hal_tim.o
                                                  build/stm32f1xx_hal_tim_ex.o
USART1_IRQHandler                                 build/startup_stm32f103xb.o
USART2_IRQHandler                                 build/startup_stm32f103xb.o
USART3_IRQHandler                                 build/startup_stm32f103xb.o
USBWakeUp_IRQHandler                              build/startup_stm32f103xb.o
USB_HP_CAN1_TX_IRQHandler                         build/startup_stm32f103xb.o
USB_LP_CAN1_RX0_IRQHandler                        build/startup_stm32f103xb.o
UsageFault_Handler                                build/stm32f1xx_it.o
WWDG_IRQHandler                                   build/startup_stm32f103xb.o
Write_IIC_Byte                                    build/oled.o
Write_IIC_Command                                 build/oled.o
Write_IIC_Data                                    build/oled.o
__addsf3                                          c:/users/cheng/.iotlink/tools/gcc-arm-none-eabi/bin/../lib/gcc/arm-none-eabi/9.2.1/thumb/v7-m/nofp\libgcc.a(_arm_addsubsf3.o)
__aeabi_f2uiz                                     c:/users/cheng/.iotlink/tools/gcc-arm-none-eabi/bin/../lib/gcc/arm-none-eabi/9.2.1/thumb/v7-m/nofp\libgcc.a(_arm_fixunssfsi.o)
                                                  build/tim.o
__aeabi_fadd                                      c:/users/cheng/.iotlink/tools/gcc-arm-none-eabi/bin/../lib/gcc/arm-none-eabi/9.2.1/thumb/v7-m/nofp\libgcc.a(_arm_addsubsf3.o)
__aeabi_fdiv                                      c:/users/cheng/.iotlink/tools/gcc-arm-none-eabi/bin/../lib/gcc/arm-none-eabi/9.2.1/thumb/v7-m/nofp\libgcc.a(_arm_muldivsf3.o)
                                                  build/tim.o
__aeabi_fmul                                      c:/users/cheng/.iotlink/tools/gcc-arm-none-eabi/bin/../lib/gcc/arm-none-eabi/9.2.1/thumb/v7-m/nofp\libgcc.a(_arm_muldivsf3.o)
                                                  c:/users/cheng/.iotlink/tools/gcc-arm-none-eabi/bin/../lib/gcc/arm-none-eabi/9.2.1/thumb/v7-m/nofp\libgcc.a(_arm_mulsf3.o)
                                                  build/tim.o
                                                  build/ina226.o
__aeabi_frsub                                     c:/users/cheng/.iotlink/tools/gcc-arm-none-eabi/bin/../lib/gcc/arm-none-eabi/9.2.1/thumb/v7-m/nofp\libgcc.a(_arm_addsubsf3.o)
__aeabi_fsub                                      c:/users/cheng/.iotlink/tools/gcc-arm-none-eabi/bin/../lib/gcc/arm-none-eabi/9.2.1/thumb/v7-m/nofp\libgcc.a(_arm_addsubsf3.o)
                                                  build/tim.o
__aeabi_i2f                                       c:/users/cheng/.iotlink/tools/gcc-arm-none-eabi/bin/../lib/gcc/arm-none-eabi/9.2.1/thumb/v7-m/nofp\libgcc.a(_arm_addsubsf3.o)
                                                  build/tim.o
                                                  build/ina226.o
__aeabi_l2f                                       c:/users/cheng/.iotlink/tools/gcc-arm-none-eabi/bin/../lib/gcc/arm-none-eabi/9.2.1/thumb/v7-m/nofp\libgcc.a(_arm_addsubsf3.o)
__aeabi_ui2f                                      c:/users/cheng/.iotlink/tools/gcc-arm-none-eabi/bin/../lib/gcc/arm-none-eabi/9.2.1/thumb/v7-m/nofp\libgcc.a(_arm_addsubsf3.o)
__aeabi_ul2f                                      c:/users/cheng/.iotlink/tools/gcc-arm-none-eabi/bin/../lib/gcc/arm-none-eabi/9.2.1/thumb/v7-m/nofp\libgcc.a(_arm_addsubsf3.o)
__bss_end__                                       c:/users/cheng/.iotlink/tools/gcc-arm-none-eabi/bin/../lib/gcc/arm-none-eabi/9.2.1/../../../../arm-none-eabi/lib/thumb/v7-m/nofp/crt0.o
__bss_start__                                     c:/users/cheng/.iotlink/tools/gcc-arm-none-eabi/bin/../lib/gcc/arm-none-eabi/9.2.1/../../../../arm-none-eabi/lib/thumb/v7-m/nofp/crt0.o
__call_exitprocs                                  c:/users/cheng/.iotlink/tools/gcc-arm-none-eabi/bin/../lib/gcc/arm-none-eabi/9.2.1/../../../../arm-none-eabi/lib/thumb/v7-m/nofp\libc_nano.a(lib_a-exit.o)
__deregister_frame_info                           c:/users/cheng/.iotlink/tools/gcc-arm-none-eabi/bin/../lib/gcc/arm-none-eabi/9.2.1/thumb/v7-m/nofp/crtbegin.o
__divsf3                                          c:/users/cheng/.iotlink/tools/gcc-arm-none-eabi/bin/../lib/gcc/arm-none-eabi/9.2.1/thumb/v7-m/nofp\libgcc.a(_arm_muldivsf3.o)
__dso_handle                                      c:/users/cheng/.iotlink/tools/gcc-arm-none-eabi/bin/../lib/gcc/arm-none-eabi/9.2.1/thumb/v7-m/nofp/crtbegin.o
__fixunssfsi                                      c:/users/cheng/.iotlink/tools/gcc-arm-none-eabi/bin/../lib/gcc/arm-none-eabi/9.2.1/thumb/v7-m/nofp\libgcc.a(_arm_fixunssfsi.o)
__floatdisf                                       c:/users/cheng/.iotlink/tools/gcc-arm-none-eabi/bin/../lib/gcc/arm-none-eabi/9.2.1/thumb/v7-m/nofp\libgcc.a(_arm_addsubsf3.o)
__floatsisf                                       c:/users/cheng/.iotlink/tools/gcc-arm-none-eabi/bin/../lib/gcc/arm-none-eabi/9.2.1/thumb/v7-m/nofp\libgcc.a(_arm_addsubsf3.o)
__floatundisf                                     c:/users/cheng/.iotlink/tools/gcc-arm-none-eabi/bin/../lib/gcc/arm-none-eabi/9.2.1/thumb/v7-m/nofp\libgcc.a(_arm_addsubsf3.o)
__floatunsisf                                     c:/users/cheng/.iotlink/tools/gcc-arm-none-eabi/bin/../lib/gcc/arm-none-eabi/9.2.1/thumb/v7-m/nofp\libgcc.a(_arm_addsubsf3.o)
__init_array_end                                  c:/users/cheng/.iotlink/tools/gcc-arm-none-eabi/bin/../lib/gcc/arm-none-eabi/9.2.1/../../../../arm-none-eabi/lib/thumb/v7-m/nofp\libc_nano.a(lib_a-init.o)
__init_array_start                                c:/users/cheng/.iotlink/tools/gcc-arm-none-eabi/bin/../lib/gcc/arm-none-eabi/9.2.1/../../../../arm-none-eabi/lib/thumb/v7-m/nofp\libc_nano.a(lib_a-init.o)
__libc_fini_array                                 c:/users/cheng/.iotlink/tools/gcc-arm-none-eabi/bin/../lib/gcc/arm-none-eabi/9.2.1/../../../../arm-none-eabi/lib/thumb/v7-m/nofp/crt0.o
__libc_init_array                                 c:/users/cheng/.iotlink/tools/gcc-arm-none-eabi/bin/../lib/gcc/arm-none-eabi/9.2.1/../../../../arm-none-eabi/lib/thumb/v7-m/nofp\libc_nano.a(lib_a-init.o)
                                                  build/startup_stm32f103xb.o
                                                  c:/users/cheng/.iotlink/tools/gcc-arm-none-eabi/bin/../lib/gcc/arm-none-eabi/9.2.1/../../../../arm-none-eabi/lib/thumb/v7-m/nofp/crt0.o
__lock___arc4random_mutex                         c:/users/cheng/.iotlink/tools/gcc-arm-none-eabi/bin/../lib/gcc/arm-none-eabi/9.2.1/../../../../arm-none-eabi/lib/thumb/v7-m/nofp\libc_nano.a(lib_a-lock.o)
__lock___at_quick_exit_mutex                      c:/users/cheng/.iotlink/tools/gcc-arm-none-eabi/bin/../lib/gcc/arm-none-eabi/9.2.1/../../../../arm-none-eabi/lib/thumb/v7-m/nofp\libc_nano.a(lib_a-lock.o)
__lock___atexit_recursive_mutex                   c:/users/cheng/.iotlink/tools/gcc-arm-none-eabi/bin/../lib/gcc/arm-none-eabi/9.2.1/../../../../arm-none-eabi/lib/thumb/v7-m/nofp\libc_nano.a(lib_a-lock.o)
__lock___dd_hash_mutex                            c:/users/cheng/.iotlink/tools/gcc-arm-none-eabi/bin/../lib/gcc/arm-none-eabi/9.2.1/../../../../arm-none-eabi/lib/thumb/v7-m/nofp\libc_nano.a(lib_a-lock.o)
__lock___env_recursive_mutex                      c:/users/cheng/.iotlink/tools/gcc-arm-none-eabi/bin/../lib/gcc/arm-none-eabi/9.2.1/../../../../arm-none-eabi/lib/thumb/v7-m/nofp\libc_nano.a(lib_a-lock.o)
__lock___malloc_recursive_mutex                   c:/users/cheng/.iotlink/tools/gcc-arm-none-eabi/bin/../lib/gcc/arm-none-eabi/9.2.1/../../../../arm-none-eabi/lib/thumb/v7-m/nofp\libc_nano.a(lib_a-lock.o)